[
  {
    "Type": "bundler",
    "FilePath": "ruby-app/Gemfile.lock",
    "Libraries": [
      {
        "Name": "actioncable",
        "Version": "5.2.3",
        "Layer": {}
      },
      {
        "Name": "actionmailer",
        "Version": "5.2.3",
        "Layer": {}
      },
      {
        "Name": "actionpack",
        "Version": "5.2.3",
        "Layer": {}
      },
      {
        "Name": "actionview",
        "Version": "5.2.3",
        "Layer": {}
      },
      {
        "Name": "activejob",
        "Version": "5.2.3",
        "Layer": {}
      },
      {
        "Name": "activemodel",
        "Version": "5.2.3",
        "Layer": {}
      },
      {
        "Name": "activerecord",
        "Version": "5.2.3",
        "Layer": {}
      },
      {
        "Name": "activestorage",
        "Version": "5.2.3",
        "Layer": {}
      },
      {
        "Name": "activesupport",
        "Version": "5.2.3",
        "Layer": {}
      },
      {
        "Name": "arel",
        "Version": "9.0.0",
        "Layer": {}
      },
      {
        "Name": "ast",
        "Version": "2.4.0",
        "Layer": {}
      },
      {
        "Name": "builder",
        "Version": "3.2.3",
        "Layer": {}
      },
      {
        "Name": "coderay",
        "Version": "1.1.2",
        "Layer": {}
      },
      {
        "Name": "concurrent-ruby",
        "Version": "1.1.5",
        "Layer": {}
      },
      {
        "Name": "crass",
        "Version": "1.0.4",
        "Layer": {}
      },
      {
        "Name": "dotenv",
        "Version": "2.7.2",
        "Layer": {}
      },
      {
        "Name": "erubi",
        "Version": "1.8.0",
        "Layer": {}
      },
      {
        "Name": "faker",
        "Version": "1.9.3",
        "Layer": {}
      },
      {
        "Name": "globalid",
        "Version": "0.4.2",
        "Layer": {}
      },
      {
        "Name": "i18n",
        "Version": "1.6.0",
        "Layer": {}
      },
      {
        "Name": "jaro_winkler",
        "Version": "1.5.2",
        "Layer": {}
      },
      {
        "Name": "json",
        "Version": "2.2.0",
        "Layer": {}
      },
      {
        "Name": "loofah",
        "Version": "2.2.3",
        "Layer": {}
      },
      {
        "Name": "mail",
        "Version": "2.7.1",
        "Layer": {}
      },
      {
        "Name": "marcel",
        "Version": "0.3.3",
        "Layer": {}
      },
      {
        "Name": "method_source",
        "Version": "0.9.2",
        "Layer": {}
      },
      {
        "Name": "mimemagic",
        "Version": "0.3.3",
        "Layer": {}
      },
      {
        "Name": "mini_mime",
        "Version": "1.0.1",
        "Layer": {}
      },
      {
        "Name": "mini_portile2",
        "Version": "2.4.0",
        "Layer": {}
      },
      {
        "Name": "minitest",
        "Version": "5.11.3",
        "Layer": {}
      },
      {
        "Name": "nio4r",
        "Version": "2.3.1",
        "Layer": {}
      },
      {
        "Name": "nokogiri",
        "Version": "1.10.3",
        "Layer": {}
      },
      {
        "Name": "parallel",
        "Version": "1.17.0",
        "Layer": {}
      },
      {
        "Name": "parser",
        "Version": "2.6.3.0",
        "Layer": {}
      },
      {
        "Name": "pry",
        "Version": "0.12.2",
        "Layer": {}
      },
      {
        "Name": "psych",
        "Version": "3.1.0",
        "Layer": {}
      },
      {
        "Name": "rack",
        "Version": "2.0.7",
        "Layer": {}
      },
      {
        "Name": "rack-test",
        "Version": "1.1.0",
        "Layer": {}
      },
      {
        "Name": "rails",
        "Version": "5.2.0",
        "Layer": {}
      },
      {
        "Name": "rails-dom-testing",
        "Version": "2.0.3",
        "Layer": {}
      },
      {
        "Name": "rails-html-sanitizer",
        "Version": "1.0.3",
        "Layer": {}
      },
      {
        "Name": "railties",
        "Version": "5.2.3",
        "Layer": {}
      },
      {
        "Name": "rainbow",
        "Version": "3.0.0",
        "Layer": {}
      },
      {
        "Name": "rake",
        "Version": "12.3.2",
        "Layer": {}
      },
      {
        "Name": "rubocop",
        "Version": "0.67.2",
        "Layer": {}
      },
      {
        "Name": "ruby-progressbar",
        "Version": "1.10.0",
        "Layer": {}
      },
      {
        "Name": "sprockets",
        "Version": "3.7.2",
        "Layer": {}
      },
      {
        "Name": "sprockets-rails",
        "Version": "3.2.1",
        "Layer": {}
      },
      {
        "Name": "thor",
        "Version": "0.20.3",
        "Layer": {}
      },
      {
        "Name": "thread_safe",
        "Version": "0.3.6",
        "Layer": {}
      },
      {
        "Name": "tzinfo",
        "Version": "1.2.5",
        "Layer": {}
      },
      {
        "Name": "unicode-display_width",
        "Version": "1.5.0",
        "Layer": {}
      },
      {
        "Name": "websocket-driver",
        "Version": "0.7.0",
        "Layer": {}
      },
      {
        "Name": "websocket-extensions",
        "Version": "0.1.3",
        "Layer": {}
      }
    ]
  },
  {
    "Type": "cargo",
    "FilePath": "rust-app/Cargo.lock",
    "Libraries": [
      {
        "ID": "ammonia@1.9.0",
        "Name": "ammonia",
        "Version": "1.9.0",
        "Layer": {}
      },
      {
        "ID": "autocfg@0.1.2",
        "Name": "autocfg",
        "Version": "0.1.2",
        "Layer": {}
      },
      {
        "ID": "bitflags@0.7.0",
        "Name": "bitflags",
        "Version": "0.7.0",
        "Layer": {}
      },
      {
        "ID": "bitflags@1.0.4",
        "Name": "bitflags",
        "Version": "1.0.4",
        "Layer": {}
      },
      {
        "ID": "cfg-if@0.1.7",
        "Name": "cfg-if",
        "Version": "0.1.7",
        "Layer": {}
      },
      {
        "ID": "cloudabi@0.0.3",
        "Name": "cloudabi",
        "Version": "0.0.3",
        "Layer": {}
      },
      {
        "ID": "fuchsia-cprng@0.1.1",
        "Name": "fuchsia-cprng",
        "Version": "0.1.1",
        "Layer": {}
      },
      {
        "ID": "futf@0.1.4",
        "Name": "futf",
        "Version": "0.1.4",
        "Layer": {}
      },
      {
        "ID": "gdi32-sys@0.2.0",
        "Name": "gdi32-sys",
        "Version": "0.2.0",
        "Layer": {}
      },
      {
        "ID": "html5ever@0.23.0",
        "Name": "html5ever",
        "Version": "0.23.0",
        "Layer": {}
      },
      {
        "ID": "idna@0.1.5",
        "Name": "idna",
        "Version": "0.1.5",
        "Layer": {}
      },
      {
        "ID": "itoa@0.4.4",
        "Name": "itoa",
        "Version": "0.4.4",
        "Layer": {}
      },
      {
        "ID": "kernel32-sys@0.2.2",
        "Name": "kernel32-sys",
        "Version": "0.2.2",
        "Layer": {}
      },
      {
        "ID": "lazy_static@0.2.11",
        "Name": "lazy_static",
        "Version": "0.2.11",
        "Layer": {}
      },
      {
        "ID": "lazy_static@1.3.0",
        "Name": "lazy_static",
        "Version": "1.3.0",
        "Layer": {}
      },
      {
        "ID": "libc@0.2.54",
        "Name": "libc",
        "Version": "0.2.54",
        "Layer": {}
      },
      {
        "ID": "libressl-pnacl-sys@2.1.6",
        "Name": "libressl-pnacl-sys",
        "Version": "2.1.6",
        "Layer": {}
      },
      {
        "ID": "log@0.4.6",
        "Name": "log",
        "Version": "0.4.6",
        "Layer": {}
      },
      {
        "ID": "mac@0.1.1",
        "Name": "mac",
        "Version": "0.1.1",
        "Layer": {}
      },
      {
        "ID": "maplit@1.0.1",
        "Name": "maplit",
        "Version": "1.0.1",
        "Layer": {}
      },
      {
        "ID": "markup5ever@0.8.1",
        "Name": "markup5ever",
        "Version": "0.8.1",
        "Layer": {}
      },
      {
        "ID": "matches@0.1.8",
        "Name": "matches",
        "Version": "0.1.8",
        "Layer": {}
      },
      {
        "ID": "new_debug_unreachable@1.0.3",
        "Name": "new_debug_unreachable",
        "Version": "1.0.3",
        "Layer": {}
      },
      {
        "ID": "normal@0.1.0",
        "Name": "normal",
        "Version": "0.1.0",
        "Layer": {}
      },
      {
        "ID": "openssl@0.8.3",
        "Name": "openssl",
        "Version": "0.8.3",
        "Layer": {}
      },
      {
        "ID": "openssl-sys@0.7.17",
        "Name": "openssl-sys",
        "Version": "0.7.17",
        "Layer": {}
      },
      {
        "ID": "percent-encoding@1.0.1",
        "Name": "percent-encoding",
        "Version": "1.0.1",
        "Layer": {}
      },
      {
        "ID": "phf@0.7.24",
        "Name": "phf",
        "Version": "0.7.24",
        "Layer": {}
      },
      {
        "ID": "phf_codegen@0.7.24",
        "Name": "phf_codegen",
        "Version": "0.7.24",
        "Layer": {}
      },
      {
        "ID": "phf_generator@0.7.24",
        "Name": "phf_generator",
        "Version": "0.7.24",
        "Layer": {}
      },
      {
        "ID": "phf_shared@0.7.24",
        "Name": "phf_shared",
        "Version": "0.7.24",
        "Layer": {}
      },
      {
        "ID": "pkg-config@0.3.14",
        "Name": "pkg-config",
        "Version": "0.3.14",
        "Layer": {}
      },
      {
        "ID": "pnacl-build-helper@1.4.11",
        "Name": "pnacl-build-helper",
        "Version": "1.4.11",
        "Layer": {}
      },
      {
        "ID": "precomputed-hash@0.1.1",
        "Name": "precomputed-hash",
        "Version": "0.1.1",
        "Layer": {}
      },
      {
        "ID": "proc-macro2@0.4.30",
        "Name": "proc-macro2",
        "Version": "0.4.30",
        "Layer": {}
      },
      {
        "ID": "quote@0.6.12",
        "Name": "quote",
        "Version": "0.6.12",
        "Layer": {}
      },
      {
        "ID": "rand@0.4.6",
        "Name": "rand",
        "Version": "0.4.6",
        "Layer": {}
      },
      {
        "ID": "rand@0.6.5",
        "Name": "rand",
        "Version": "0.6.5",
        "Layer": {}
      },
      {
        "ID": "rand_chacha@0.1.1",
        "Name": "rand_chacha",
        "Version": "0.1.1",
        "Layer": {}
      },
      {
        "ID": "rand_core@0.3.1",
        "Name": "rand_core",
        "Version": "0.3.1",
        "Layer": {}
      },
      {
        "ID": "rand_core@0.4.0",
        "Name": "rand_core",
        "Version": "0.4.0",
        "Layer": {}
      },
      {
        "ID": "rand_hc@0.1.0",
        "Name": "rand_hc",
        "Version": "0.1.0",
        "Layer": {}
      },
      {
        "ID": "rand_isaac@0.1.1",
        "Name": "rand_isaac",
        "Version": "0.1.1",
        "Layer": {}
      },
      {
        "ID": "rand_jitter@0.1.4",
        "Name": "rand_jitter",
        "Version": "0.1.4",
        "Layer": {}
      },
      {
        "ID": "rand_os@0.1.3",
        "Name": "rand_os",
        "Version": "0.1.3",
        "Layer": {}
      },
      {
        "ID": "rand_pcg@0.1.2",
        "Name": "rand_pcg",
        "Version": "0.1.2",
        "Layer": {}
      },
      {
        "ID": "rand_xorshift@0.1.1",
        "Name": "rand_xorshift",
        "Version": "0.1.1",
        "Layer": {}
      },
      {
        "ID": "rdrand@0.4.0",
        "Name": "rdrand",
        "Version": "0.4.0",
        "Layer": {}
      },
      {
        "ID": "remove_dir_all@0.5.1",
        "Name": "remove_dir_all",
        "Version": "0.5.1",
        "Layer": {}
      },
      {
        "ID": "ryu@0.2.8",
        "Name": "ryu",
        "Version": "0.2.8",
        "Layer": {}
      },
      {
        "ID": "same-file@0.1.3",
        "Name": "same-file",
        "Version": "0.1.3",
        "Layer": {}
      },
      {
        "ID": "serde@1.0.91",
        "Name": "serde",
        "Version": "1.0.91",
        "Layer": {}
      },
      {
        "ID": "serde_derive@1.0.91",
        "Name": "serde_derive",
        "Version": "1.0.91",
        "Layer": {}
      },
      {
        "ID": "serde_json@1.0.39",
        "Name": "serde_json",
        "Version": "1.0.39",
        "Layer": {}
      },
      {
        "ID": "siphasher@0.2.3",
        "Name": "siphasher",
        "Version": "0.2.3",
        "Layer": {}
      },
      {
        "ID": "smallvec@0.6.9",
        "Name": "smallvec",
        "Version": "0.6.9",
        "Layer": {}
      },
      {
        "ID": "string_cache@0.7.3",
        "Name": "string_cache",
        "Version": "0.7.3",
        "Layer": {}
      },
      {
        "ID": "string_cache_codegen@0.4.2",
        "Name": "string_cache_codegen",
        "Version": "0.4.2",
        "Layer": {}
      },
      {
        "ID": "string_cache_shared@0.3.0",
        "Name": "string_cache_shared",
        "Version": "0.3.0",
        "Layer": {}
      },
      {
        "ID": "syn@0.15.34",
        "Name": "syn",
        "Version": "0.15.34",
        "Layer": {}
      },
      {
        "ID": "tempdir@0.3.7",
        "Name": "tempdir",
        "Version": "0.3.7",
        "Layer": {}
      },
      {
        "ID": "tendril@0.4.1",
        "Name": "tendril",
        "Version": "0.4.1",
        "Layer": {}
      },
      {
        "ID": "unicode-bidi@0.3.4",
        "Name": "unicode-bidi",
        "Version": "0.3.4",
        "Layer": {}
      },
      {
        "ID": "unicode-normalization@0.1.8",
        "Name": "unicode-normalization",
        "Version": "0.1.8",
        "Layer": {}
      },
      {
        "ID": "unicode-xid@0.1.0",
        "Name": "unicode-xid",
        "Version": "0.1.0",
        "Layer": {}
      },
      {
        "ID": "url@1.7.2",
        "Name": "url",
        "Version": "1.7.2",
        "Layer": {}
      },
      {
        "ID": "user32-sys@0.2.0",
        "Name": "user32-sys",
        "Version": "0.2.0",
        "Layer": {}
      },
      {
        "ID": "utf-8@0.7.5",
        "Name": "utf-8",
        "Version": "0.7.5",
        "Layer": {}
      },
      {
        "ID": "walkdir@1.0.7",
        "Name": "walkdir",
        "Version": "1.0.7",
        "Layer": {}
      },
      {
        "ID": "winapi@0.2.8",
        "Name": "winapi",
        "Version": "0.2.8",
        "Layer": {}
      },
      {
        "ID": "winapi@0.3.7",
        "Name": "winapi",
        "Version": "0.3.7",
        "Layer": {}
      },
      {
        "ID": "winapi-build@0.1.1",
        "Name": "winapi-build",
        "Version": "0.1.1",
        "Layer": {}
      },
      {
        "ID": "winapi-i686-pc-windows-gnu@0.4.0",
        "Name": "winapi-i686-pc-windows-gnu",
        "Version": "0.4.0",
        "Layer": {}
      },
      {
        "ID": "winapi-x86_64-pc-windows-gnu@0.4.0",
        "Name": "winapi-x86_64-pc-windows-gnu",
        "Version": "0.4.0",
        "Layer": {}
      }
    ]
  },
  {
    "Type": "composer",
    "FilePath": "php-app/composer.lock",
    "Libraries": [
      {
        "Name": "guzzlehttp/guzzle",
        "Version": "6.2.0",
        "Layer": {}
      },
      {
        "Name": "guzzlehttp/promises",
        "Version": "v1.3.1",
        "Layer": {}
      },
      {
        "Name": "guzzlehttp/psr7",
        "Version": "1.5.2",
        "Layer": {}
      },
      {
        "Name": "laravel/installer",
        "Version": "v2.0.1",
        "Layer": {}
      },
      {
        "Name": "pear/log",
        "Version": "1.13.1",
        "Layer": {}
      },
      {
        "Name": "pear/pear_exception",
        "Version": "v1.0.0",
        "Layer": {}
      },
      {
        "Name": "psr/http-message",
        "Version": "1.0.1",
        "Layer": {}
      },
      {
        "Name": "ralouphie/getallheaders",
        "Version": "2.0.5",
        "Layer": {}
      },
      {
        "Name": "symfony/console",
        "Version": "v4.2.7",
        "Layer": {}
      },
      {
        "Name": "symfony/contracts",
        "Version": "v1.0.2",
        "Layer": {}
      },
      {
        "Name": "symfony/filesystem",
        "Version": "v4.2.7",
        "Layer": {}
      },
      {
        "Name": "symfony/polyfill-ctype",
        "Version": "v1.11.0",
        "Layer": {}
      },
      {
        "Name": "symfony/polyfill-mbstring",
        "Version": "v1.11.0",
        "Layer": {}
      },
      {
        "Name": "symfony/process",
        "Version": "v4.2.7",
        "Layer": {}
      }
    ]
  },
  {
    "Type": "npm",
    "FilePath": "node-app/package-lock.json",
    "Libraries": [
      {
        "ID": "asap@2.0.6",
        "Name": "asap",
        "Version": "2.0.6",
        "Indirect": true,
        "Layer": {},
        "Locations": [
          {
            "StartLine": 6,
            "EndLine": 10
          }
        ]
      },
      {
        "ID": "jquery@3.3.9",
        "Name": "jquery",
        "Version": "3.3.9",
        "Indirect": true,
        "Layer": {},
        "Locations": [
          {
            "StartLine": 16,
            "EndLine": 20
          }
        ]
      },
      {
        "ID": "js-tokens@4.0.0",
        "Name": "js-tokens",
        "Version": "4.0.0",
        "Indirect": true,
        "Layer": {},
        "Locations": [
          {
            "StartLine": 21,
            "EndLine": 25
          }
        ]
      },
      {
        "ID": "lodash@4.17.4",
        "Name": "lodash",
        "Version": "4.17.4",
        "Indirect": true,
        "Layer": {},
        "Locations": [
          {
            "StartLine": 11,
            "EndLine": 15
          }
        ]
      },
      {
        "ID": "loose-envify@1.4.0",
        "Name": "loose-envify",
        "Version": "1.4.0",
        "Indirect": true,
        "DependsOn": [
          "js-tokens@4.0.0"
        ],
        "Layer": {},
        "Locations": [
          {
            "StartLine": 26,
            "EndLine": 33
          }
        ]
      },
      {
        "ID": "object-assign@4.1.1",
        "Name": "object-assign",
        "Version": "4.1.1",
        "Indirect": true,
        "Layer": {},
        "Locations": [
          {
            "StartLine": 34,
            "EndLine": 38
          }
        ]
      },
      {
        "ID": "promise@8.0.3",
        "Name": "promise",
        "Version": "8.0.3",
        "Indirect": true,
        "DependsOn": [
          "asap@2.0.6"
        ],
        "Layer": {},
        "Locations": [
          {
            "StartLine": 39,
            "EndLine": 46
          }
        ]
      },
      {
        "ID": "prop-types@15.7.2",
        "Name": "prop-types",
        "Version": "15.7.2",
        "Indirect": true,
        "DependsOn": [
          "loose-envify@1.4.0",
          "object-assign@4.1.1",
          "react-is@16.8.6"
        ],
        "Layer": {},
        "Locations": [
          {
            "StartLine": 47,
            "EndLine": 56
          }
        ]
      },
      {
        "ID": "react@16.8.6",
        "Name": "react",
        "Version": "16.8.6",
        "Indirect": true,
        "DependsOn": [
          "loose-envify@1.4.0",
          "object-assign@4.1.1",
          "prop-types@15.7.2",
          "scheduler@0.13.6"
        ],
        "Layer": {},
        "Locations": [
          {
            "StartLine": 57,
            "EndLine": 67
          }
        ]
      },
      {
        "ID": "react-is@16.8.6",
        "Name": "react-is",
        "Version": "16.8.6",
        "Indirect": true,
        "Layer": {},
        "Locations": [
          {
            "StartLine": 68,
            "EndLine": 72
          }
        ]
      },
      {
        "ID": "redux@4.0.1",
        "Name": "redux",
        "Version": "4.0.1",
        "Indirect": true,
        "DependsOn": [
          "loose-envify@1.4.0",
          "symbol-observable@1.2.0"
        ],
        "Layer": {},
        "Locations": [
          {
            "StartLine": 73,
            "EndLine": 81
          }
        ]
      },
      {
        "ID": "scheduler@0.13.6",
        "Name": "scheduler",
        "Version": "0.13.6",
        "Indirect": true,
        "DependsOn": [
          "loose-envify@1.4.0",
          "object-assign@4.1.1"
        ],
        "Layer": {},
        "Locations": [
          {
            "StartLine": 82,
            "EndLine": 90
          }
        ]
      },
      {
        "ID": "symbol-observable@1.2.0",
        "Name": "symbol-observable",
        "Version": "1.2.0",
        "Indirect": true,
        "Layer": {},
        "Locations": [
          {
            "StartLine": 91,
            "EndLine": 95
          }
        ]
      }
    ]
  },
  {
    "Type": "pipenv",
    "FilePath": "python-app/Pipfile.lock",
    "Libraries": [
      {
        "Name": "amqp",
        "Version": "2.4.2",
        "Layer": {}
      },
      {
        "Name": "autopep8",
        "Version": "1.4.3",
        "Layer": {}
      },
      {
        "Name": "babel",
        "Version": "2.6.0",
        "Layer": {}
      },
      {
        "Name": "billiard",
        "Version": "3.6.0.0",
        "Layer": {}
      },
      {
        "Name": "boto3",
        "Version": "1.9.130",
        "Layer": {}
      },
      {
        "Name": "botocore",
        "Version": "1.12.130",
        "Layer": {}
      },
      {
        "Name": "celery",
        "Version": "4.3.0",
        "Layer": {}
      },
      {
        "Name": "certifi",
        "Version": "2019.3.9",
        "Layer": {}
      },
      {
        "Name": "chardet",
        "Version": "3.0.4",
        "Layer": {}
      },
      {
        "Name": "decorator",
        "Version": "4.4.0",
        "Layer": {}
      },
      {
        "Name": "django",
        "Version": "2.0.9",
        "Layer": {}
      },
      {
        "Name": "django-celery-beat",
        "Version": "1.4.0",
        "Layer": {}
      },
      {
        "Name": "django-cors-headers",
        "Version": "2.5.2",
        "Layer": {}
      },
      {
        "Name": "django-extensions",
        "Version": "2.1.6",
        "Layer": {}
      },
      {
        "Name": "django-postgres-extra",
        "Layer": {}
      },
      {
        "Name": "django-redis-cache",
        "Version": "2.0.0",
        "Layer": {}
      },
      {
        "Name": "django-silk",
        "Version": "3.0.1",
        "Layer": {}
      },
      {
        "Name": "django-timezone-field",
        "Version": "3.0",
        "Layer": {}
      },
      {
        "Name": "djangorestframework",
        "Version": "3.9.2",
        "Layer": {}
      },
      {
        "Name": "djangorestframework-jwt",
        "Version": "1.11.0",
        "Layer": {}
      },
      {
        "Name": "docutils",
        "Version": "0.14",
        "Layer": {}
      },
      {
        "Name": "flower",
        "Version": "0.9.3",
        "Layer": {}
      },
      {
        "Name": "gprof2dot",
        "Version": "2016.10.13",
        "Layer": {}
      },
      {
        "Name": "gunicorn",
        "Version": "19.9.0",
        "Layer": {}
      },
      {
        "Name": "hiredis",
        "Version": "1.0.0",
        "Layer": {}
      },
      {
        "Name": "httplib2",
        "Version": "0.12.1",
        "Layer": {}
      },
      {
        "Name": "idna",
        "Version": "2.8",
        "Layer": {}
      },
      {
        "Name": "jinja2",
        "Version": "2.10.1",
        "Layer": {}
      },
      {
        "Name": "jmespath",
        "Version": "0.9.4",
        "Layer": {}
      },
      {
        "Name": "kombu",
        "Version": "4.5.0",
        "Layer": {}
      },
      {
        "Name": "markupsafe",
        "Version": "1.1.1",
        "Layer": {}
      },
      {
        "Name": "oauth2",
        "Version": "1.9.0.post1",
        "Layer": {}
      },
      {
        "Name": "psycopg2-binary",
        "Version": "2.8.1",
        "Layer": {}
      },
      {
        "Name": "py",
        "Version": "1.8.0",
        "Layer": {}
      },
      {
        "Name": "pycodestyle",
        "Version": "2.5.0",
        "Layer": {}
      },
      {
        "Name": "pycurl",
        "Version": "7.43.0.2",
        "Layer": {}
      },
      {
        "Name": "pygments",
        "Version": "2.3.1",
        "Layer": {}
      },
      {
        "Name": "pyjwt",
        "Version": "1.7.1",
        "Layer": {}
      },
      {
        "Name": "python-crontab",
        "Version": "2.3.6",
        "Layer": {}
      },
      {
        "Name": "python-dateutil",
        "Version": "2.8.0",
        "Layer": {}
      },
      {
        "Name": "python-http-client",
        "Version": "3.1.0",
        "Layer": {}
      },
      {
        "Name": "pytz",
        "Version": "2019.1",
        "Layer": {}
      },
      {
        "Name": "pyyaml",
        "Version": "5.1",
        "Layer": {}
      },
      {
        "Name": "redis",
        "Version": "3.2.1",
        "Layer": {}
      },
      {
        "Name": "requests",
        "Version": "2.21.0",
        "Layer": {}
      },
      {
        "Name": "retry",
        "Version": "0.9.2",
        "Layer": {}
      },
      {
        "Name": "s3transfer",
        "Version": "0.2.0",
        "Layer": {}
      },
      {
        "Name": "sendgrid",
        "Version": "6.0.4",
        "Layer": {}
      },
      {
        "Name": "sentry-sdk",
        "Version": "0.7.10",
        "Layer": {}
      },
      {
        "Name": "six",
        "Version": "1.12.0",
        "Layer": {}
      },
      {
        "Name": "sqlparse",
        "Version": "0.3.0",
        "Layer": {}
      },
      {
        "Name": "tornado",
        "Version": "5.1.1",
        "Layer": {}
      },
      {
        "Name": "urllib3",
        "Version": "1.24.1",
        "Layer": {}
      },
      {
        "Name": "vine",
        "Version": "1.3.0",
        "Layer": {}
      },
      {
        "Name": "xmltodict",
        "Version": "0.12.0",
        "Layer": {}
      }
    ]
  }
]