[
  {
    "Target": "testdata/fixtures/amazon-1.tar.gz (amazon AMI release 2018.03)",
    "Type": "amazon",
    "Vulnerabilities": [
      {
        "VulnerabilityID": "CVE-2019-5481",
        "PkgName": "curl",
        "InstalledVersion": "7.61.1-11.91.amzn1",
        "FixedVersion": "7.61.1-12.93.amzn1",
        "Layer": {
          "DiffID": "sha256:984fe1509738f6f00f34d9be7398b07ebeb8b98dda077ff6be2cdb87111b73cf"
        },
        "SeveritySource": "amazon",
        "PrimaryURL": "https://avd.aquasec.com/nvd/cve-2019-5481",
        "Title": "curl: double free due to subsequent call of realloc()",
        "Description": "Double-free vulnerability in the FTP-kerberos code in cURL 7.52.0 to 7.65.3.",
        "Severity": "MEDIUM",
        "References": [
          "http://lists.opensuse.org/opensuse-security-announce/2019-09/msg00048.html",
          "http://lists.opensuse.org/opensuse-security-announce/2019-09/msg00055.html",
          "https://curl.haxx.se/docs/CVE-2019-5481.html",
          "https://cve.mitre.org/cgi-bin/cvename.cgi?name=CVE-2019-5481",
          "https://lists.fedoraproject.org/archives/list/package-announce@lists.fedoraproject.org/message/RGDVKSLY5JUNJRLYRUA6CXGQ2LM63XC3/",
          "https://lists.fedoraproject.org/archives/list/package-announce@lists.fedoraproject.org/message/UA7KDM2WPM5CJDDGOEGFV6SSGD2J7RNT/"
        ]
      },
      {
        "VulnerabilityID": "CVE-2019-5482",
        "PkgName": "curl",
        "InstalledVersion": "7.61.1-11.91.amzn1",
        "FixedVersion": "7.61.1-12.93.amzn1",
        "Layer": {
          "DiffID": "sha256:984fe1509738f6f00f34d9be7398b07ebeb8b98dda077ff6be2cdb87111b73cf"
        },
        "SeveritySource": "amazon",
        "PrimaryURL": "https://avd.aquasec.com/nvd/cve-2019-5482",
        "Title": "curl: heap buffer overflow in function tftp_receive_packet()",
        "Description": "Heap buffer overflow in the TFTP protocol handler in cURL 7.19.4 to 7.65.3.",
        "Severity": "MEDIUM",
        "References": [
          "http://linux.oracle.com/cve/CVE-2019-5482.html",
          "http://linux.oracle.com/errata/ELSA-2020-5562.html",
          "http://lists.opensuse.org/opensuse-security-announce/2019-09/msg00048.html",
          "http://lists.opensuse.org/opensuse-security-announce/2019-09/msg00055.html",
          "https://curl.haxx.se/docs/CVE-2019-5482.html",
          "https://cve.mitre.org/cgi-bin/cvename.cgi?name=CVE-2019-5482",
          "https://lists.fedoraproject.org/archives/list/package-announce@lists.fedoraproject.org/message/RGDVKSLY5JUNJRLYRUA6CXGQ2LM63XC3/",
          "https://lists.fedoraproject.org/archives/list/package-announce@lists.fedoraproject.org/message/UA7KDM2WPM5CJDDGOEGFV6SSGD2J7RNT/"
        ]
      },
      {
        "VulnerabilityID": "CVE-2019-18218",
        "PkgName": "file-libs",
        "InstalledVersion": "5.34-3.37.amzn1",
        "FixedVersion": "5.37-8.48.amzn1",
        "Layer": {
          "DiffID": "sha256:984fe1509738f6f00f34d9be7398b07ebeb8b98dda077ff6be2cdb87111b73cf"
        },
        "SeveritySource": "amazon",
        "PrimaryURL": "https://avd.aquasec.com/nvd/cve-2019-18218",
        "Title": "file: heap-based buffer overflow in cdf_read_property_info in cdf.c",
        "Description": "cdf_read_property_info in cdf.c in file through 5.37 does not restrict the number of CDF_VECTOR elements, which allows a heap-based buffer overflow (4-byte out-of-bounds write).",
        "Severity": "MEDIUM",
        "References": [
          "https://bugs.chromium.org/p/oss-fuzz/issues/detail?id=16780",
          "https://cve.mitre.org/cgi-bin/cvename.cgi?name=CVE-2019-18218",
          "https://github.com/file/file/commit/46a8443f76cec4b41ec736eca396984c74664f84",
          "https://lists.debian.org/debian-lts-announce/2019/10/msg00032.html",
          "https://lists.fedoraproject.org/archives/list/package-announce@lists.fedoraproject.org/message/CV6PFCEYHYALMTT45QE2U5C5TEJZQPXJ/",
          "https://lists.fedoraproject.org/archives/list/package-announce@lists.fedoraproject.org/message/VBK6XOJR6OVWT2FUEBO7V7KCOSSLAP52/",
          "https://usn.ubuntu.com/4172-1/",
          "https://usn.ubuntu.com/4172-2/",
          "https://www.debian.org/security/2019/dsa-4550"
        ]
      },
      {
        "VulnerabilityID": "CVE-2016-10739",
        "PkgName": "glibc",
        "InstalledVersion": "2.17-260.175.amzn1",
        "FixedVersion": "2.17-292.178.amzn1",
        "Layer": {
          "DiffID": "sha256:984fe1509738f6f00f34d9be7398b07ebeb8b98dda077ff6be2cdb87111b73cf"
        },
        "SeveritySource": "amazon",
        "PrimaryURL": "https://avd.aquasec.com/nvd/cve-2016-10739",
        "Title": "glibc: getaddrinfo should reject IP addresses with trailing characters",
        "Description": "In the GNU C Library (aka glibc or libc6) through 2.28, the getaddrinfo function would successfully parse a string that contained an IPv4 address followed by whitespace and arbitrary characters, which could lead applications to incorrectly assume that it had parsed a valid string, without the possibility of embedded HTTP headers or other potentially dangerous substrings.",
        "Severity": "MEDIUM",
        "References": [
          "http://linux.oracle.com/cve/CVE-2016-10739.html",
          "http://linux.oracle.com/errata/ELSA-2019-3513.html",
          "http://lists.opensuse.org/opensuse-security-announce/2019-04/msg00082.html",
          "http://www.securityfocus.com/bid/106672",
          "https://access.redhat.com/errata/RHSA-2019:2118",
          "https://bugzilla.redhat.com/show_bug.cgi?id=1347549",
          "https://cve.mitre.org/cgi-bin/cvename.cgi?name=CVE-2016-10739",
          "https://sourceware.org/bugzilla/show_bug.cgi?id=20018"
        ]
      },
      {
        "VulnerabilityID": "CVE-2016-10739",
        "PkgName": "glibc-common",
        "InstalledVersion": "2.17-260.175.amzn1",
        "FixedVersion": "2.17-292.178.amzn1",
        "Layer": {
          "DiffID": "sha256:984fe1509738f6f00f34d9be7398b07ebeb8b98dda077ff6be2cdb87111b73cf"
        },
        "SeveritySource": "amazon",
        "PrimaryURL": "https://avd.aquasec.com/nvd/cve-2016-10739",
        "Title": "glibc: getaddrinfo should reject IP addresses with trailing characters",
        "Description": "In the GNU C Library (aka glibc or libc6) through 2.28, the getaddrinfo function would successfully parse a string that contained an IPv4 address followed by whitespace and arbitrary characters, which could lead applications to incorrectly assume that it had parsed a valid string, without the possibility of embedded HTTP headers or other potentially dangerous substrings.",
        "Severity": "MEDIUM",
        "References": [
          "http://linux.oracle.com/cve/CVE-2016-10739.html",
          "http://linux.oracle.com/errata/ELSA-2019-3513.html",
          "http://lists.opensuse.org/opensuse-security-announce/2019-04/msg00082.html",
          "http://www.securityfocus.com/bid/106672",
          "https://access.redhat.com/errata/RHSA-2019:2118",
          "https://bugzilla.redhat.com/show_bug.cgi?id=1347549",
          "https://cve.mitre.org/cgi-bin/cvename.cgi?name=CVE-2016-10739",
          "https://sourceware.org/bugzilla/show_bug.cgi?id=20018"
        ]
      },
      {
        "VulnerabilityID": "CVE-2019-5481",
        "PkgName": "libcurl",
        "InstalledVersion": "7.61.1-11.91.amzn1",
        "FixedVersion": "7.61.1-12.93.amzn1",
        "Layer": {
          "DiffID": "sha256:984fe1509738f6f00f34d9be7398b07ebeb8b98dda077ff6be2cdb87111b73cf"
        },
        "SeveritySource": "amazon",
        "PrimaryURL": "https://avd.aquasec.com/nvd/cve-2019-5481",
        "Title": "curl: double free due to subsequent call of realloc()",
        "Description": "Double-free vulnerability in the FTP-kerberos code in cURL 7.52.0 to 7.65.3.",
        "Severity": "MEDIUM",
        "References": [
          "http://lists.opensuse.org/opensuse-security-announce/2019-09/msg00048.html",
          "http://lists.opensuse.org/opensuse-security-announce/2019-09/msg00055.html",
          "https://curl.haxx.se/docs/CVE-2019-5481.html",
          "https://cve.mitre.org/cgi-bin/cvename.cgi?name=CVE-2019-5481",
          "https://lists.fedoraproject.org/archives/list/package-announce@lists.fedoraproject.org/message/RGDVKSLY5JUNJRLYRUA6CXGQ2LM63XC3/",
          "https://lists.fedoraproject.org/archives/list/package-announce@lists.fedoraproject.org/message/UA7KDM2WPM5CJDDGOEGFV6SSGD2J7RNT/"
        ]
      },
      {
        "VulnerabilityID": "CVE-2019-5482",
        "PkgName": "libcurl",
        "InstalledVersion": "7.61.1-11.91.amzn1",
        "FixedVersion": "7.61.1-12.93.amzn1",
        "Layer": {
          "DiffID": "sha256:984fe1509738f6f00f34d9be7398b07ebeb8b98dda077ff6be2cdb87111b73cf"
        },
        "SeveritySource": "amazon",
        "PrimaryURL": "https://avd.aquasec.com/nvd/cve-2019-5482",
        "Title": "curl: heap buffer overflow in function tftp_receive_packet()",
        "Description": "Heap buffer overflow in the TFTP protocol handler in cURL 7.19.4 to 7.65.3.",
        "Severity": "MEDIUM",
        "References": [
          "http://linux.oracle.com/cve/CVE-2019-5482.html",
          "http://linux.oracle.com/errata/ELSA-2020-5562.html",
          "http://lists.opensuse.org/opensuse-security-announce/2019-09/msg00048.html",
          "http://lists.opensuse.org/opensuse-security-announce/2019-09/msg00055.html",
          "https://curl.haxx.se/docs/CVE-2019-5482.html",
          "https://cve.mitre.org/cgi-bin/cvename.cgi?name=CVE-2019-5482",
          "https://lists.fedoraproject.org/archives/list/package-announce@lists.fedoraproject.org/message/RGDVKSLY5JUNJRLYRUA6CXGQ2LM63XC3/",
          "https://lists.fedoraproject.org/archives/list/package-announce@lists.fedoraproject.org/message/UA7KDM2WPM5CJDDGOEGFV6SSGD2J7RNT/"
        ]
      },
      {
        "VulnerabilityID": "CVE-2019-12290",
        "PkgName": "libidn2",
        "InstalledVersion": "0.16-1.2.amzn1",
        "FixedVersion": "2.3.0-1.4.amzn1",
        "Layer": {
          "DiffID": "sha256:984fe1509738f6f00f34d9be7398b07ebeb8b98dda077ff6be2cdb87111b73cf"
        },
        "SeveritySource": "amazon",
        "PrimaryURL": "https://avd.aquasec.com/nvd/cve-2019-12290",
        "Description": "GNU libidn2 before 2.2.0 fails to perform the roundtrip checks specified in RFC3490 Section 4.2 when converting A-labels to U-labels. This makes it possible in some circumstances for one domain to impersonate another. By creating a malicious domain that matches a target domain except for the inclusion of certain punycoded Unicode characters (that would be discarded when converted first to a Unicode label and then back to an ASCII label), arbitrary domains can be impersonated.",
        "Severity": "MEDIUM",
        "References": [
          "https://gitlab.com/libidn/libidn2/commit/241e8f486134793cb0f4a5b0e5817a97883401f5",
          "https://gitlab.com/libidn/libidn2/commit/614117ef6e4c60e1950d742e3edf0a0ef8d389de",
          "https://gitlab.com/libidn/libidn2/merge_requests/71",
          "https://usn.ubuntu.com/4168-1/"
        ]
      },
      {
        "VulnerabilityID": "CVE-2019-18224",
        "PkgName": "libidn2",
        "InstalledVersion": "0.16-1.2.amzn1",
        "FixedVersion": "2.3.0-1.4.amzn1",
        "Layer": {
          "DiffID": "sha256:984fe1509738f6f00f34d9be7398b07ebeb8b98dda077ff6be2cdb87111b73cf"
        },
        "SeveritySource": "amazon",
        "PrimaryURL": "https://avd.aquasec.com/nvd/cve-2019-18224",
        "Title": "libidn2: heap-based buffer overflow in idn2_to_ascii_4i in lib/lookup.c",
        "Description": "idn2_to_ascii_4i in lib/lookup.c in GNU libidn2 before 2.1.1 has a heap-based buffer overflow via a long domain string.",
        "Severity": "MEDIUM",
        "References": [
          "https://bugs.chromium.org/p/oss-fuzz/issues/detail?id=12420",
          "https://cve.mitre.org/cgi-bin/cvename.cgi?name=CVE-2019-18224",
          "https://github.com/libidn/libidn2/commit/e4d1558aa2c1c04a05066ee8600f37603890ba8c",
          "https://github.com/libidn/libidn2/compare/libidn2-2.1.0...libidn2-2.1.1",
          "https://lists.fedoraproject.org/archives/list/package-announce@lists.fedoraproject.org/message/JDQVQ2XPV5BTZUFINT7AFJSKNNBVURNJ/",
          "https://lists.fedoraproject.org/archives/list/package-announce@lists.fedoraproject.org/message/MINU5RKDFE6TKAFY5DRFN3WSFDS4DYVS/",
          "https://usn.ubuntu.com/4168-1/"
        ]
      },
      {
        "VulnerabilityID": "CVE-2019-9511",
        "PkgName": "libnghttp2",
        "InstalledVersion": "1.21.1-1.4.amzn1",
        "FixedVersion": "1.31.1-2.5.amzn1",
        "Layer": {
          "DiffID": "sha256:984fe1509738f6f00f34d9be7398b07ebeb8b98dda077ff6be2cdb87111b73cf"
        },
        "SeveritySource": "amazon",
        "PrimaryURL": "https://avd.aquasec.com/nvd/cve-2019-9511",
        "Title": "HTTP/2: large amount of data requests leads to denial of service",
        "Description": "Some HTTP/2 implementations are vulnerable to window size manipulation and stream prioritization manipulation, potentially leading to a denial of service. The attacker requests a large amount of data from a specified resource over multiple streams. They manipulate window size and stream priority to force the server to queue the data in 1-byte chunks. Depending on how efficiently this data is queued, this can consume excess CPU, memory, or both.",
        "Severity": "HIGH",
        "References": [
          "http://linux.oracle.com/cve/CVE-2019-9511.html",
          "http://linux.oracle.com/errata/ELSA-2019-2925.html",
          "https://cve.mitre.org/cgi-bin/cvename.cgi?name=CVE-2019-9511",
          "https://github.com/Netflix/security-bulletins/blob/master/advisories/third-party/2019-002.md",
          "https://kb.cert.org/vuls/id/605641/",
          "https://lists.fedoraproject.org/archives/list/package-announce@lists.fedoraproject.org/message/BP556LEG3WENHZI5TAQ6ZEBFTJB4E2IS/",
          "https://lists.fedoraproject.org/archives/list/package-announce@lists.fedoraproject.org/message/JUBYAF6ED3O4XCHQ5C2HYENJLXYXZC4M/",
          "https://lists.fedoraproject.org/archives/list/package-announce@lists.fedoraproject.org/message/LZLUYPYY3RX4ZJDWZRJIKSULYRJ4PXW7/",
          "https://lists.fedoraproject.org/archives/list/package-announce@lists.fedoraproject.org/message/TAZZEVTCN2B4WT6AIBJ7XGYJMBTORJU5/",
          "https://lists.fedoraproject.org/archives/list/package-announce@lists.fedoraproject.org/message/XHTKU7YQ5EEP2XNSAV4M4VJ7QCBOJMOD/",
          "https://nodejs.org/en/blog/vulnerability/aug-2019-security-releases/",
          "https://seclists.org/bugtraq/2019/Aug/40",
          "https://security.netapp.com/advisory/ntap-20190823-0002/",
          "https://security.netapp.com/advisory/ntap-20190823-0005/",
          "https://support.f5.com/csp/article/K02591030",
          "https://usn.ubuntu.com/4099-1/",
          "https://www.debian.org/security/2019/dsa-4505",
          "https://www.nginx.com/blog/nginx-updates-mitigate-august-2019-http-2-vulnerabilities/",
          "https://www.synology.com/security/advisory/Synology_SA_19_33"
        ]
      },
      {
        "VulnerabilityID": "CVE-2019-9513",
        "PkgName": "libnghttp2",
        "InstalledVersion": "1.21.1-1.4.amzn1",
        "FixedVersion": "1.31.1-2.5.amzn1",
        "Layer": {
          "DiffID": "sha256:984fe1509738f6f00f34d9be7398b07ebeb8b98dda077ff6be2cdb87111b73cf"
        },
        "SeveritySource": "amazon",
        "PrimaryURL": "https://avd.aquasec.com/nvd/cve-2019-9513",
        "Title": "HTTP/2: flood using PRIORITY frames results in excessive resource consumption",
        "Description": "Some HTTP/2 implementations are vulnerable to resource loops, potentially leading to a denial of service. The attacker creates multiple request streams and continually shuffles the priority of the streams in a way that causes substantial churn to the priority tree. This can consume excess CPU.",
        "Severity": "HIGH",
        "References": [
          "http://linux.oracle.com/cve/CVE-2019-9513.html",
          "http://linux.oracle.com/errata/ELSA-2019-2925.html",
          "https://cve.mitre.org/cgi-bin/cvename.cgi?name=CVE-2019-9513",
          "https://github.com/Netflix/security-bulletins/blob/master/advisories/third-party/2019-002.md",
          "https://kb.cert.org/vuls/id/605641/",
          "https://lists.fedoraproject.org/archives/list/package-announce@lists.fedoraproject.org/message/4ZQGHE3WTYLYAYJEIDJVF2FIGQTAYPMC/",
          "https://lists.fedoraproject.org/archives/list/package-announce@lists.fedoraproject.org/message/CMNFX5MNYRWWIMO4BTKYQCGUDMHO3AXP/",
          "https://lists.fedoraproject.org/archives/list/package-announce@lists.fedoraproject.org/message/JUBYAF6ED3O4XCHQ5C2HYENJLXYXZC4M/",
          "https://lists.fedoraproject.org/archives/list/package-announce@lists.fedoraproject.org/message/LZLUYPYY3RX4ZJDWZRJIKSULYRJ4PXW7/",
          "https://lists.fedoraproject.org/archives/list/package-announce@lists.fedoraproject.org/message/TAZZEVTCN2B4WT6AIBJ7XGYJMBTORJU5/",
          "https://nghttp2.org/blog/2019/08/19/nghttp2-v1-39-2/",
          "https://nodejs.org/en/blog/vulnerability/aug-2019-security-releases/",
          "https://seclists.org/bugtraq/2019/Aug/40",
          "https://security.netapp.com/advisory/ntap-20190823-0002/",
          "https://security.netapp.com/advisory/ntap-20190823-0005/",
          "https://support.f5.com/csp/article/K02591030",
          "https://usn.ubuntu.com/4099-1/",
          "https://www.debian.org/security/2019/dsa-4505",
          "https://www.nginx.com/blog/nginx-updates-mitigate-august-2019-http-2-vulnerabilities/",
          "https://www.synology.com/security/advisory/Synology_SA_19_33"
        ]
      },
      {
        "VulnerabilityID": "CVE-2019-11729",
        "PkgName": "nspr",
        "InstalledVersion": "4.19.0-1.43.amzn1",
        "FixedVersion": "4.21.0-1.43.amzn1",
        "Layer": {
          "DiffID": "sha256:984fe1509738f6f00f34d9be7398b07ebeb8b98dda077ff6be2cdb87111b73cf"
        },
        "SeveritySource": "amazon",
        "PrimaryURL": "https://avd.aquasec.com/nvd/cve-2019-11729",
        "Title": "nss: Empty or malformed p256-ECDH public keys may trigger a segmentation fault",
        "Description": "Empty or malformed p256-ECDH public keys may trigger a segmentation fault due values being improperly sanitized before being copied into memory and used. This vulnerability affects Firefox ESR \u003c 60.8, Firefox \u003c 68, and Thunderbird \u003c 60.8.",
        "Severity": "HIGH",
        "References": [
          "http://linux.oracle.com/cve/CVE-2019-11729.html",
          "http://linux.oracle.com/errata/ELSA-2019-4190.html",
          "http://lists.opensuse.org/opensuse-security-announce/2019-07/msg00055.html",
          "http://lists.opensuse.org/opensuse-security-announce/2019-07/msg00058.html",
          "https://access.redhat.com/errata/RHSA-2019:1951",
          "https://bugzilla.mozilla.org/show_bug.cgi?id=1515342",
          "https://cve.mitre.org/cgi-bin/cvename.cgi?name=CVE-2019-11729",
          "https://www.mozilla.org/en-US/security/advisories/mfsa2019-22/#CVE-2019-11729",
          "https://www.mozilla.org/security/advisories/mfsa2019-21/",
          "https://www.mozilla.org/security/advisories/mfsa2019-22/",
          "https://www.mozilla.org/security/advisories/mfsa2019-23/"
        ]
      },
      {
        "VulnerabilityID": "CVE-2019-11745",
        "PkgName": "nspr",
        "InstalledVersion": "4.19.0-1.43.amzn1",
        "FixedVersion": "4.21.0-1.43.amzn1",
        "Layer": {
          "DiffID": "sha256:984fe1509738f6f00f34d9be7398b07ebeb8b98dda077ff6be2cdb87111b73cf"
        },
        "SeveritySource": "amazon",
        "PrimaryURL": "https://avd.aquasec.com/nvd/cve-2019-11745",
        "Title": "nss: Out-of-bounds write when passing an output buffer smaller than the block size to NSC_EncryptUpdate",
        "Description": "When encrypting with a block cipher, if a call to NSC_EncryptUpdate was made with data smaller than the block size, a small out of bounds write could occur. This could have caused heap corruption and a potentially exploitable crash. This vulnerability affects Thunderbird \u003c 68.3, Firefox ESR \u003c 68.3, and Firefox \u003c 71.",
        "Severity": "HIGH",
        "References": [
          "http://linux.oracle.com/cve/CVE-2019-11745.html",
          "http://linux.oracle.com/errata/ELSA-2019-4190.html",
          "http://lists.opensuse.org/opensuse-security-announce/2020-01/msg00000.html",
          "http://lists.opensuse.org/opensuse-security-announce/2020-01/msg00001.html",
          "http://lists.opensuse.org/opensuse-security-announce/2020-01/msg00006.html",
          "https://bugzilla.mozilla.org/show_bug.cgi?id=1586176",
          "https://cve.mitre.org/cgi-bin/cvename.cgi?name=CVE-2019-11745",
          "https://developer.mozilla.org/en-US/docs/Mozilla/Projects/NSS/NSS_3.44.3_release_notes",
          "https://developer.mozilla.org/en-US/docs/Mozilla/Projects/NSS/NSS_3.47.1_release_notes",
          "https://usn.ubuntu.com/4241-1/",
          "https://www.mozilla.org/security/advisories/mfsa2019-36/",
          "https://www.mozilla.org/security/advisories/mfsa2019-37/",
          "https://www.mozilla.org/security/advisories/mfsa2019-38/"
        ]
      },
      {
        "VulnerabilityID": "CVE-2018-0495",
        "PkgName": "nspr",
        "InstalledVersion": "4.19.0-1.43.amzn1",
        "FixedVersion": "4.21.0-1.43.amzn1",
        "Layer": {
          "DiffID": "sha256:984fe1509738f6f00f34d9be7398b07ebeb8b98dda077ff6be2cdb87111b73cf"
        },
        "SeveritySource": "amazon",
        "PrimaryURL": "https://avd.aquasec.com/nvd/cve-2018-0495",
        "Title": "ROHNP: Key Extraction Side Channel in Multiple Crypto Libraries",
        "Description": "Libgcrypt before 1.7.10 and 1.8.x before 1.8.3 allows a memory-cache side-channel attack on ECDSA signatures that can be mitigated through the use of blinding during the signing process in the _gcry_ecc_ecdsa_sign function in cipher/ecc-ecdsa.c, aka the Return Of the Hidden Number Problem or ROHNP. To discover an ECDSA key, the attacker needs access to either the local machine or a different virtual machine on the same physical host.",
        "Severity": "MEDIUM",
        "References": [
          "http://linux.oracle.com/cve/CVE-2018-0495.html",
          "http://linux.oracle.com/errata/ELSA-2019-2237.html",
          "http://www.securitytracker.com/id/1041144",
          "http://www.securitytracker.com/id/1041147",
          "https://access.redhat.com/errata/RHSA-2018:3221",
          "https://access.redhat.com/errata/RHSA-2018:3505",
          "https://access.redhat.com/errata/RHSA-2019:1296",
          "https://access.redhat.com/errata/RHSA-2019:1297",
          "https://cve.mitre.org/cgi-bin/cvename.cgi?name=CVE-2018-0495",
          "https://dev.gnupg.org/T4011",
          "https://git.gnupg.org/cgi-bin/gitweb.cgi?p=libgcrypt.git;a=commit;h=9010d1576e278a4274ad3f4aa15776c28f6ba965",
          "https://lists.debian.org/debian-lts-announce/2018/06/msg00013.html",
          "https://lists.gnupg.org/pipermail/gnupg-announce/2018q2/000426.html",
          "https://usn.ubuntu.com/3689-1/",
          "https://usn.ubuntu.com/3689-2/",
          "https://usn.ubuntu.com/3692-1/",
          "https://usn.ubuntu.com/3692-2/",
          "https://usn.ubuntu.com/3850-1/",
          "https://usn.ubuntu.com/3850-2/",
          "https://www.debian.org/security/2018/dsa-4231",
          "https://www.nccgroup.trust/us/our-research/technical-advisory-return-of-the-hidden-number-problem/",
          "https://www.oracle.com/technetwork/security-advisory/cpuapr2019-5072813.html"
        ]
      },
      {
        "VulnerabilityID": "CVE-2018-12404",
        "PkgName": "nspr",
        "InstalledVersion": "4.19.0-1.43.amzn1",
        "FixedVersion": "4.21.0-1.43.amzn1",
        "Layer": {
          "DiffID": "sha256:984fe1509738f6f00f34d9be7398b07ebeb8b98dda077ff6be2cdb87111b73cf"
        },
        "SeveritySource": "amazon",
        "PrimaryURL": "https://avd.aquasec.com/nvd/cve-2018-12404",
        "Title": "nss: Cache side-channel variant of the Bleichenbacher attack",
        "Description": "A cached side channel attack during handshakes using RSA encryption could allow for the decryption of encrypted content. This is a variant of the Adaptive Chosen Ciphertext attack (AKA Bleichenbacher attack) and affects all NSS versions prior to NSS 3.41.",
        "Severity": "MEDIUM",
        "References": [
          "http://linux.oracle.com/cve/CVE-2018-12404.html",
          "http://linux.oracle.com/errata/ELSA-2019-2237.html",
          "http://lists.opensuse.org/opensuse-security-announce/2019-07/msg00021.html",
          "http://www.securityfocus.com/bid/107260",
          "https://bugzilla.mozilla.org/show_bug.cgi?id=CVE-2018-12404",
          "https://cve.mitre.org/cgi-bin/cvename.cgi?name=CVE-2018-12404"
        ]
      },
      {
        "VulnerabilityID": "CVE-2019-11729",
        "PkgName": "nss",
        "InstalledVersion": "3.36.0-5.82.amzn1",
        "FixedVersion": "3.44.0-7.84.amzn1",
        "Layer": {
          "DiffID": "sha256:984fe1509738f6f00f34d9be7398b07ebeb8b98dda077ff6be2cdb87111b73cf"
        },
        "SeveritySource": "amazon",
        "PrimaryURL": "https://avd.aquasec.com/nvd/cve-2019-11729",
        "Title": "nss: Empty or malformed p256-ECDH public keys may trigger a segmentation fault",
        "Description": "Empty or malformed p256-ECDH public keys may trigger a segmentation fault due values being improperly sanitized before being copied into memory and used. This vulnerability affects Firefox ESR \u003c 60.8, Firefox \u003c 68, and Thunderbird \u003c 60.8.",
        "Severity": "HIGH",
        "References": [
          "http://linux.oracle.com/cve/CVE-2019-11729.html",
          "http://linux.oracle.com/errata/ELSA-2019-4190.html",
          "http://lists.opensuse.org/opensuse-security-announce/2019-07/msg00055.html",
          "http://lists.opensuse.org/opensuse-security-announce/2019-07/msg00058.html",
          "https://access.redhat.com/errata/RHSA-2019:1951",
          "https://bugzilla.mozilla.org/show_bug.cgi?id=1515342",
          "https://cve.mitre.org/cgi-bin/cvename.cgi?name=CVE-2019-11729",
          "https://www.mozilla.org/en-US/security/advisories/mfsa2019-22/#CVE-2019-11729",
          "https://www.mozilla.org/security/advisories/mfsa2019-21/",
          "https://www.mozilla.org/security/advisories/mfsa2019-22/",
          "https://www.mozilla.org/security/advisories/mfsa2019-23/"
        ]
      },
      {
        "VulnerabilityID": "CVE-2019-11745",
        "PkgName": "nss",
        "InstalledVersion": "3.36.0-5.82.amzn1",
        "FixedVersion": "3.44.0-7.84.amzn1",
        "Layer": {
          "DiffID": "sha256:984fe1509738f6f00f34d9be7398b07ebeb8b98dda077ff6be2cdb87111b73cf"
        },
        "SeveritySource": "amazon",
        "PrimaryURL": "https://avd.aquasec.com/nvd/cve-2019-11745",
        "Title": "nss: Out-of-bounds write when passing an output buffer smaller than the block size to NSC_EncryptUpdate",
        "Description": "When encrypting with a block cipher, if a call to NSC_EncryptUpdate was made with data smaller than the block size, a small out of bounds write could occur. This could have caused heap corruption and a potentially exploitable crash. This vulnerability affects Thunderbird \u003c 68.3, Firefox ESR \u003c 68.3, and Firefox \u003c 71.",
        "Severity": "HIGH",
        "References": [
          "http://linux.oracle.com/cve/CVE-2019-11745.html",
          "http://linux.oracle.com/errata/ELSA-2019-4190.html",
          "http://lists.opensuse.org/opensuse-security-announce/2020-01/msg00000.html",
          "http://lists.opensuse.org/opensuse-security-announce/2020-01/msg00001.html",
          "http://lists.opensuse.org/opensuse-security-announce/2020-01/msg00006.html",
          "https://bugzilla.mozilla.org/show_bug.cgi?id=1586176",
          "https://cve.mitre.org/cgi-bin/cvename.cgi?name=CVE-2019-11745",
          "https://developer.mozilla.org/en-US/docs/Mozilla/Projects/NSS/NSS_3.44.3_release_notes",
          "https://developer.mozilla.org/en-US/docs/Mozilla/Projects/NSS/NSS_3.47.1_release_notes",
          "https://usn.ubuntu.com/4241-1/",
          "https://www.mozilla.org/security/advisories/mfsa2019-36/",
          "https://www.mozilla.org/security/advisories/mfsa2019-37/",
          "https://www.mozilla.org/security/advisories/mfsa2019-38/"
        ]
      },
      {
        "VulnerabilityID": "CVE-2018-0495",
        "PkgName": "nss",
        "InstalledVersion": "3.36.0-5.82.amzn1",
        "FixedVersion": "3.44.0-7.84.amzn1",
        "Layer": {
          "DiffID": "sha256:984fe1509738f6f00f34d9be7398b07ebeb8b98dda077ff6be2cdb87111b73cf"
        },
        "SeveritySource": "amazon",
        "PrimaryURL": "https://avd.aquasec.com/nvd/cve-2018-0495",
        "Title": "ROHNP: Key Extraction Side Channel in Multiple Crypto Libraries",
        "Description": "Libgcrypt before 1.7.10 and 1.8.x before 1.8.3 allows a memory-cache side-channel attack on ECDSA signatures that can be mitigated through the use of blinding during the signing process in the _gcry_ecc_ecdsa_sign function in cipher/ecc-ecdsa.c, aka the Return Of the Hidden Number Problem or ROHNP. To discover an ECDSA key, the attacker needs access to either the local machine or a different virtual machine on the same physical host.",
        "Severity": "MEDIUM",
        "References": [
          "http://linux.oracle.com/cve/CVE-2018-0495.html",
          "http://linux.oracle.com/errata/ELSA-2019-2237.html",
          "http://www.securitytracker.com/id/1041144",
          "http://www.securitytracker.com/id/1041147",
          "https://access.redhat.com/errata/RHSA-2018:3221",
          "https://access.redhat.com/errata/RHSA-2018:3505",
          "https://access.redhat.com/errata/RHSA-2019:1296",
          "https://access.redhat.com/errata/RHSA-2019:1297",
          "https://cve.mitre.org/cgi-bin/cvename.cgi?name=CVE-2018-0495",
          "https://dev.gnupg.org/T4011",
          "https://git.gnupg.org/cgi-bin/gitweb.cgi?p=libgcrypt.git;a=commit;h=9010d1576e278a4274ad3f4aa15776c28f6ba965",
          "https://lists.debian.org/debian-lts-announce/2018/06/msg00013.html",
          "https://lists.gnupg.org/pipermail/gnupg-announce/2018q2/000426.html",
          "https://usn.ubuntu.com/3689-1/",
          "https://usn.ubuntu.com/3689-2/",
          "https://usn.ubuntu.com/3692-1/",
          "https://usn.ubuntu.com/3692-2/",
          "https://usn.ubuntu.com/3850-1/",
          "https://usn.ubuntu.com/3850-2/",
          "https://www.debian.org/security/2018/dsa-4231",
          "https://www.nccgroup.trust/us/our-research/technical-advisory-return-of-the-hidden-number-problem/",
          "https://www.oracle.com/technetwork/security-advisory/cpuapr2019-5072813.html"
        ]
      },
      {
        "VulnerabilityID": "CVE-2018-12404",
        "PkgName": "nss",
        "InstalledVersion": "3.36.0-5.82.amzn1",
        "FixedVersion": "3.44.0-7.84.amzn1",
        "Layer": {
          "DiffID": "sha256:984fe1509738f6f00f34d9be7398b07ebeb8b98dda077ff6be2cdb87111b73cf"
        },
        "SeveritySource": "amazon",
        "PrimaryURL": "https://avd.aquasec.com/nvd/cve-2018-12404",
        "Title": "nss: Cache side-channel variant of the Bleichenbacher attack",
        "Description": "A cached side channel attack during handshakes using RSA encryption could allow for the decryption of encrypted content. This is a variant of the Adaptive Chosen Ciphertext attack (AKA Bleichenbacher attack) and affects all NSS versions prior to NSS 3.41.",
        "Severity": "MEDIUM",
        "References": [
          "http://linux.oracle.com/cve/CVE-2018-12404.html",
          "http://linux.oracle.com/errata/ELSA-2019-2237.html",
          "http://lists.opensuse.org/opensuse-security-announce/2019-07/msg00021.html",
          "http://www.securityfocus.com/bid/107260",
          "https://bugzilla.mozilla.org/show_bug.cgi?id=CVE-2018-12404",
          "https://cve.mitre.org/cgi-bin/cvename.cgi?name=CVE-2018-12404"
        ]
      },
      {
        "VulnerabilityID": "CVE-2019-11729",
        "PkgName": "nss-softokn",
        "InstalledVersion": "3.36.0-5.42.amzn1",
        "FixedVersion": "3.44.0-8.44.amzn1",
        "Layer": {
          "DiffID": "sha256:984fe1509738f6f00f34d9be7398b07ebeb8b98dda077ff6be2cdb87111b73cf"
        },
        "SeveritySource": "amazon",
        "PrimaryURL": "https://avd.aquasec.com/nvd/cve-2019-11729",
        "Title": "nss: Empty or malformed p256-ECDH public keys may trigger a segmentation fault",
        "Description": "Empty or malformed p256-ECDH public keys may trigger a segmentation fault due values being improperly sanitized before being copied into memory and used. This vulnerability affects Firefox ESR \u003c 60.8, Firefox \u003c 68, and Thunderbird \u003c 60.8.",
        "Severity": "HIGH",
        "References": [
          "http://linux.oracle.com/cve/CVE-2019-11729.html",
          "http://linux.oracle.com/errata/ELSA-2019-4190.html",
          "http://lists.opensuse.org/opensuse-security-announce/2019-07/msg00055.html",
          "http://lists.opensuse.org/opensuse-security-announce/2019-07/msg00058.html",
          "https://access.redhat.com/errata/RHSA-2019:1951",
          "https://bugzilla.mozilla.org/show_bug.cgi?id=1515342",
          "https://cve.mitre.org/cgi-bin/cvename.cgi?name=CVE-2019-11729",
          "https://www.mozilla.org/en-US/security/advisories/mfsa2019-22/#CVE-2019-11729",
          "https://www.mozilla.org/security/advisories/mfsa2019-21/",
          "https://www.mozilla.org/security/advisories/mfsa2019-22/",
          "https://www.mozilla.org/security/advisories/mfsa2019-23/"
        ]
      },
      {
        "VulnerabilityID": "CVE-2019-11745",
        "PkgName": "nss-softokn",
        "InstalledVersion": "3.36.0-5.42.amzn1",
        "FixedVersion": "3.44.0-8.44.amzn1",
        "Layer": {
          "DiffID": "sha256:984fe1509738f6f00f34d9be7398b07ebeb8b98dda077ff6be2cdb87111b73cf"
        },
        "SeveritySource": "amazon",
        "PrimaryURL": "https://avd.aquasec.com/nvd/cve-2019-11745",
        "Title": "nss: Out-of-bounds write when passing an output buffer smaller than the block size to NSC_EncryptUpdate",
        "Description": "When encrypting with a block cipher, if a call to NSC_EncryptUpdate was made with data smaller than the block size, a small out of bounds write could occur. This could have caused heap corruption and a potentially exploitable crash. This vulnerability affects Thunderbird \u003c 68.3, Firefox ESR \u003c 68.3, and Firefox \u003c 71.",
        "Severity": "HIGH",
        "References": [
          "http://linux.oracle.com/cve/CVE-2019-11745.html",
          "http://linux.oracle.com/errata/ELSA-2019-4190.html",
          "http://lists.opensuse.org/opensuse-security-announce/2020-01/msg00000.html",
          "http://lists.opensuse.org/opensuse-security-announce/2020-01/msg00001.html",
          "http://lists.opensuse.org/opensuse-security-announce/2020-01/msg00006.html",
          "https://bugzilla.mozilla.org/show_bug.cgi?id=1586176",
          "https://cve.mitre.org/cgi-bin/cvename.cgi?name=CVE-2019-11745",
          "https://developer.mozilla.org/en-US/docs/Mozilla/Projects/NSS/NSS_3.44.3_release_notes",
          "https://developer.mozilla.org/en-US/docs/Mozilla/Projects/NSS/NSS_3.47.1_release_notes",
          "https://usn.ubuntu.com/4241-1/",
          "https://www.mozilla.org/security/advisories/mfsa2019-36/",
          "https://www.mozilla.org/security/advisories/mfsa2019-37/",
          "https://www.mozilla.org/security/advisories/mfsa2019-38/"
        ]
      },
      {
        "VulnerabilityID": "CVE-2018-0495",
        "PkgName": "nss-softokn",
        "InstalledVersion": "3.36.0-5.42.amzn1",
        "FixedVersion": "3.44.0-8.44.amzn1",
        "Layer": {
          "DiffID": "sha256:984fe1509738f6f00f34d9be7398b07ebeb8b98dda077ff6be2cdb87111b73cf"
        },
        "SeveritySource": "amazon",
        "PrimaryURL": "https://avd.aquasec.com/nvd/cve-2018-0495",
        "Title": "ROHNP: Key Extraction Side Channel in Multiple Crypto Libraries",
        "Description": "Libgcrypt before 1.7.10 and 1.8.x before 1.8.3 allows a memory-cache side-channel attack on ECDSA signatures that can be mitigated through the use of blinding during the signing process in the _gcry_ecc_ecdsa_sign function in cipher/ecc-ecdsa.c, aka the Return Of the Hidden Number Problem or ROHNP. To discover an ECDSA key, the attacker needs access to either the local machine or a different virtual machine on the same physical host.",
        "Severity": "MEDIUM",
        "References": [
          "http://linux.oracle.com/cve/CVE-2018-0495.html",
          "http://linux.oracle.com/errata/ELSA-2019-2237.html",
          "http://www.securitytracker.com/id/1041144",
          "http://www.securitytracker.com/id/1041147",
          "https://access.redhat.com/errata/RHSA-2018:3221",
          "https://access.redhat.com/errata/RHSA-2018:3505",
          "https://access.redhat.com/errata/RHSA-2019:1296",
          "https://access.redhat.com/errata/RHSA-2019:1297",
          "https://cve.mitre.org/cgi-bin/cvename.cgi?name=CVE-2018-0495",
          "https://dev.gnupg.org/T4011",
          "https://git.gnupg.org/cgi-bin/gitweb.cgi?p=libgcrypt.git;a=commit;h=9010d1576e278a4274ad3f4aa15776c28f6ba965",
          "https://lists.debian.org/debian-lts-announce/2018/06/msg00013.html",
          "https://lists.gnupg.org/pipermail/gnupg-announce/2018q2/000426.html",
          "https://usn.ubuntu.com/3689-1/",
          "https://usn.ubuntu.com/3689-2/",
          "https://usn.ubuntu.com/3692-1/",
          "https://usn.ubuntu.com/3692-2/",
          "https://usn.ubuntu.com/3850-1/",
          "https://usn.ubuntu.com/3850-2/",
          "https://www.debian.org/security/2018/dsa-4231",
          "https://www.nccgroup.trust/us/our-research/technical-advisory-return-of-the-hidden-number-problem/",
          "https://www.oracle.com/technetwork/security-advisory/cpuapr2019-5072813.html"
        ]
      },
      {
        "VulnerabilityID": "CVE-2018-12404",
        "PkgName": "nss-softokn",
        "InstalledVersion": "3.36.0-5.42.amzn1",
        "FixedVersion": "3.44.0-8.44.amzn1",
        "Layer": {
          "DiffID": "sha256:984fe1509738f6f00f34d9be7398b07ebeb8b98dda077ff6be2cdb87111b73cf"
        },
        "SeveritySource": "amazon",
        "PrimaryURL": "https://avd.aquasec.com/nvd/cve-2018-12404",
        "Title": "nss: Cache side-channel variant of the Bleichenbacher attack",
        "Description": "A cached side channel attack during handshakes using RSA encryption could allow for the decryption of encrypted content. This is a variant of the Adaptive Chosen Ciphertext attack (AKA Bleichenbacher attack) and affects all NSS versions prior to NSS 3.41.",
        "Severity": "MEDIUM",
        "References": [
          "http://linux.oracle.com/cve/CVE-2018-12404.html",
          "http://linux.oracle.com/errata/ELSA-2019-2237.html",
          "http://lists.opensuse.org/opensuse-security-announce/2019-07/msg00021.html",
          "http://www.securityfocus.com/bid/107260",
          "https://bugzilla.mozilla.org/show_bug.cgi?id=CVE-2018-12404",
          "https://cve.mitre.org/cgi-bin/cvename.cgi?name=CVE-2018-12404"
        ]
      },
      {
        "VulnerabilityID": "CVE-2019-11729",
        "PkgName": "nss-softokn-freebl",
        "InstalledVersion": "3.36.0-5.42.amzn1",
        "FixedVersion": "3.44.0-8.44.amzn1",
        "Layer": {
          "DiffID": "sha256:984fe1509738f6f00f34d9be7398b07ebeb8b98dda077ff6be2cdb87111b73cf"
        },
        "SeveritySource": "amazon",
        "PrimaryURL": "https://avd.aquasec.com/nvd/cve-2019-11729",
        "Title": "nss: Empty or malformed p256-ECDH public keys may trigger a segmentation fault",
        "Description": "Empty or malformed p256-ECDH public keys may trigger a segmentation fault due values being improperly sanitized before being copied into memory and used. This vulnerability affects Firefox ESR \u003c 60.8, Firefox \u003c 68, and Thunderbird \u003c 60.8.",
        "Severity": "HIGH",
        "References": [
          "http://linux.oracle.com/cve/CVE-2019-11729.html",
          "http://linux.oracle.com/errata/ELSA-2019-4190.html",
          "http://lists.opensuse.org/opensuse-security-announce/2019-07/msg00055.html",
          "http://lists.opensuse.org/opensuse-security-announce/2019-07/msg00058.html",
          "https://access.redhat.com/errata/RHSA-2019:1951",
          "https://bugzilla.mozilla.org/show_bug.cgi?id=1515342",
          "https://cve.mitre.org/cgi-bin/cvename.cgi?name=CVE-2019-11729",
          "https://www.mozilla.org/en-US/security/advisories/mfsa2019-22/#CVE-2019-11729",
          "https://www.mozilla.org/security/advisories/mfsa2019-21/",
          "https://www.mozilla.org/security/advisories/mfsa2019-22/",
          "https://www.mozilla.org/security/advisories/mfsa2019-23/"
        ]
      },
      {
        "VulnerabilityID": "CVE-2019-11745",
        "PkgName": "nss-softokn-freebl",
        "InstalledVersion": "3.36.0-5.42.amzn1",
        "FixedVersion": "3.44.0-8.44.amzn1",
        "Layer": {
          "DiffID": "sha256:984fe1509738f6f00f34d9be7398b07ebeb8b98dda077ff6be2cdb87111b73cf"
        },
        "SeveritySource": "amazon",
        "PrimaryURL": "https://avd.aquasec.com/nvd/cve-2019-11745",
        "Title": "nss: Out-of-bounds write when passing an output buffer smaller than the block size to NSC_EncryptUpdate",
        "Description": "When encrypting with a block cipher, if a call to NSC_EncryptUpdate was made with data smaller than the block size, a small out of bounds write could occur. This could have caused heap corruption and a potentially exploitable crash. This vulnerability affects Thunderbird \u003c 68.3, Firefox ESR \u003c 68.3, and Firefox \u003c 71.",
        "Severity": "HIGH",
        "References": [
          "http://linux.oracle.com/cve/CVE-2019-11745.html",
          "http://linux.oracle.com/errata/ELSA-2019-4190.html",
          "http://lists.opensuse.org/opensuse-security-announce/2020-01/msg00000.html",
          "http://lists.opensuse.org/opensuse-security-announce/2020-01/msg00001.html",
          "http://lists.opensuse.org/opensuse-security-announce/2020-01/msg00006.html",
          "https://bugzilla.mozilla.org/show_bug.cgi?id=1586176",
          "https://cve.mitre.org/cgi-bin/cvename.cgi?name=CVE-2019-11745",
          "https://developer.mozilla.org/en-US/docs/Mozilla/Projects/NSS/NSS_3.44.3_release_notes",
          "https://developer.mozilla.org/en-US/docs/Mozilla/Projects/NSS/NSS_3.47.1_release_notes",
          "https://usn.ubuntu.com/4241-1/",
          "https://www.mozilla.org/security/advisories/mfsa2019-36/",
          "https://www.mozilla.org/security/advisories/mfsa2019-37/",
          "https://www.mozilla.org/security/advisories/mfsa2019-38/"
        ]
      },
      {
        "VulnerabilityID": "CVE-2018-0495",
        "PkgName": "nss-softokn-freebl",
        "InstalledVersion": "3.36.0-5.42.amzn1",
        "FixedVersion": "3.44.0-8.44.amzn1",
        "Layer": {
          "DiffID": "sha256:984fe1509738f6f00f34d9be7398b07ebeb8b98dda077ff6be2cdb87111b73cf"
        },
        "SeveritySource": "amazon",
        "PrimaryURL": "https://avd.aquasec.com/nvd/cve-2018-0495",
        "Title": "ROHNP: Key Extraction Side Channel in Multiple Crypto Libraries",
        "Description": "Libgcrypt before 1.7.10 and 1.8.x before 1.8.3 allows a memory-cache side-channel attack on ECDSA signatures that can be mitigated through the use of blinding during the signing process in the _gcry_ecc_ecdsa_sign function in cipher/ecc-ecdsa.c, aka the Return Of the Hidden Number Problem or ROHNP. To discover an ECDSA key, the attacker needs access to either the local machine or a different virtual machine on the same physical host.",
        "Severity": "MEDIUM",
        "References": [
          "http://linux.oracle.com/cve/CVE-2018-0495.html",
          "http://linux.oracle.com/errata/ELSA-2019-2237.html",
          "http://www.securitytracker.com/id/1041144",
          "http://www.securitytracker.com/id/1041147",
          "https://access.redhat.com/errata/RHSA-2018:3221",
          "https://access.redhat.com/errata/RHSA-2018:3505",
          "https://access.redhat.com/errata/RHSA-2019:1296",
          "https://access.redhat.com/errata/RHSA-2019:1297",
          "https://cve.mitre.org/cgi-bin/cvename.cgi?name=CVE-2018-0495",
          "https://dev.gnupg.org/T4011",
          "https://git.gnupg.org/cgi-bin/gitweb.cgi?p=libgcrypt.git;a=commit;h=9010d1576e278a4274ad3f4aa15776c28f6ba965",
          "https://lists.debian.org/debian-lts-announce/2018/06/msg00013.html",
          "https://lists.gnupg.org/pipermail/gnupg-announce/2018q2/000426.html",
          "https://usn.ubuntu.com/3689-1/",
          "https://usn.ubuntu.com/3689-2/",
          "https://usn.ubuntu.com/3692-1/",
          "https://usn.ubuntu.com/3692-2/",
          "https://usn.ubuntu.com/3850-1/",
          "https://usn.ubuntu.com/3850-2/",
          "https://www.debian.org/security/2018/dsa-4231",
          "https://www.nccgroup.trust/us/our-research/technical-advisory-return-of-the-hidden-number-problem/",
          "https://www.oracle.com/technetwork/security-advisory/cpuapr2019-5072813.html"
        ]
      },
      {
        "VulnerabilityID": "CVE-2018-12404",
        "PkgName": "nss-softokn-freebl",
        "InstalledVersion": "3.36.0-5.42.amzn1",
        "FixedVersion": "3.44.0-8.44.amzn1",
        "Layer": {
          "DiffID": "sha256:984fe1509738f6f00f34d9be7398b07ebeb8b98dda077ff6be2cdb87111b73cf"
        },
        "SeveritySource": "amazon",
        "PrimaryURL": "https://avd.aquasec.com/nvd/cve-2018-12404",
        "Title": "nss: Cache side-channel variant of the Bleichenbacher attack",
        "Description": "A cached side channel attack during handshakes using RSA encryption could allow for the decryption of encrypted content. This is a variant of the Adaptive Chosen Ciphertext attack (AKA Bleichenbacher attack) and affects all NSS versions prior to NSS 3.41.",
        "Severity": "MEDIUM",
        "References": [
          "http://linux.oracle.com/cve/CVE-2018-12404.html",
          "http://linux.oracle.com/errata/ELSA-2019-2237.html",
          "http://lists.opensuse.org/opensuse-security-announce/2019-07/msg00021.html",
          "http://www.securityfocus.com/bid/107260",
          "https://bugzilla.mozilla.org/show_bug.cgi?id=CVE-2018-12404",
          "https://cve.mitre.org/cgi-bin/cvename.cgi?name=CVE-2018-12404"
        ]
      },
      {
        "VulnerabilityID": "CVE-2019-11729",
        "PkgName": "nss-sysinit",
        "InstalledVersion": "3.36.0-5.82.amzn1",
        "FixedVersion": "3.44.0-7.84.amzn1",
        "Layer": {
          "DiffID": "sha256:984fe1509738f6f00f34d9be7398b07ebeb8b98dda077ff6be2cdb87111b73cf"
        },
        "SeveritySource": "amazon",
        "PrimaryURL": "https://avd.aquasec.com/nvd/cve-2019-11729",
        "Title": "nss: Empty or malformed p256-ECDH public keys may trigger a segmentation fault",
        "Description": "Empty or malformed p256-ECDH public keys may trigger a segmentation fault due values being improperly sanitized before being copied into memory and used. This vulnerability affects Firefox ESR \u003c 60.8, Firefox \u003c 68, and Thunderbird \u003c 60.8.",
        "Severity": "HIGH",
        "References": [
          "http://linux.oracle.com/cve/CVE-2019-11729.html",
          "http://linux.oracle.com/errata/ELSA-2019-4190.html",
          "http://lists.opensuse.org/opensuse-security-announce/2019-07/msg00055.html",
          "http://lists.opensuse.org/opensuse-security-announce/2019-07/msg00058.html",
          "https://access.redhat.com/errata/RHSA-2019:1951",
          "https://bugzilla.mozilla.org/show_bug.cgi?id=1515342",
          "https://cve.mitre.org/cgi-bin/cvename.cgi?name=CVE-2019-11729",
          "https://www.mozilla.org/en-US/security/advisories/mfsa2019-22/#CVE-2019-11729",
          "https://www.mozilla.org/security/advisories/mfsa2019-21/",
          "https://www.mozilla.org/security/advisories/mfsa2019-22/",
          "https://www.mozilla.org/security/advisories/mfsa2019-23/"
        ]
      },
      {
        "VulnerabilityID": "CVE-2019-11745",
        "PkgName": "nss-sysinit",
        "InstalledVersion": "3.36.0-5.82.amzn1",
        "FixedVersion": "3.44.0-7.84.amzn1",
        "Layer": {
          "DiffID": "sha256:984fe1509738f6f00f34d9be7398b07ebeb8b98dda077ff6be2cdb87111b73cf"
        },
        "SeveritySource": "amazon",
        "PrimaryURL": "https://avd.aquasec.com/nvd/cve-2019-11745",
        "Title": "nss: Out-of-bounds write when passing an output buffer smaller than the block size to NSC_EncryptUpdate",
        "Description": "When encrypting with a block cipher, if a call to NSC_EncryptUpdate was made with data smaller than the block size, a small out of bounds write could occur. This could have caused heap corruption and a potentially exploitable crash. This vulnerability affects Thunderbird \u003c 68.3, Firefox ESR \u003c 68.3, and Firefox \u003c 71.",
        "Severity": "HIGH",
        "References": [
          "http://linux.oracle.com/cve/CVE-2019-11745.html",
          "http://linux.oracle.com/errata/ELSA-2019-4190.html",
          "http://lists.opensuse.org/opensuse-security-announce/2020-01/msg00000.html",
          "http://lists.opensuse.org/opensuse-security-announce/2020-01/msg00001.html",
          "http://lists.opensuse.org/opensuse-security-announce/2020-01/msg00006.html",
          "https://bugzilla.mozilla.org/show_bug.cgi?id=1586176",
          "https://cve.mitre.org/cgi-bin/cvename.cgi?name=CVE-2019-11745",
          "https://developer.mozilla.org/en-US/docs/Mozilla/Projects/NSS/NSS_3.44.3_release_notes",
          "https://developer.mozilla.org/en-US/docs/Mozilla/Projects/NSS/NSS_3.47.1_release_notes",
          "https://usn.ubuntu.com/4241-1/",
          "https://www.mozilla.org/security/advisories/mfsa2019-36/",
          "https://www.mozilla.org/security/advisories/mfsa2019-37/",
          "https://www.mozilla.org/security/advisories/mfsa2019-38/"
        ]
      },
      {
        "VulnerabilityID": "CVE-2018-0495",
        "PkgName": "nss-sysinit",
        "InstalledVersion": "3.36.0-5.82.amzn1",
        "FixedVersion": "3.44.0-7.84.amzn1",
        "Layer": {
          "DiffID": "sha256:984fe1509738f6f00f34d9be7398b07ebeb8b98dda077ff6be2cdb87111b73cf"
        },
        "SeveritySource": "amazon",
        "PrimaryURL": "https://avd.aquasec.com/nvd/cve-2018-0495",
        "Title": "ROHNP: Key Extraction Side Channel in Multiple Crypto Libraries",
        "Description": "Libgcrypt before 1.7.10 and 1.8.x before 1.8.3 allows a memory-cache side-channel attack on ECDSA signatures that can be mitigated through the use of blinding during the signing process in the _gcry_ecc_ecdsa_sign function in cipher/ecc-ecdsa.c, aka the Return Of the Hidden Number Problem or ROHNP. To discover an ECDSA key, the attacker needs access to either the local machine or a different virtual machine on the same physical host.",
        "Severity": "MEDIUM",
        "References": [
          "http://linux.oracle.com/cve/CVE-2018-0495.html",
          "http://linux.oracle.com/errata/ELSA-2019-2237.html",
          "http://www.securitytracker.com/id/1041144",
          "http://www.securitytracker.com/id/1041147",
          "https://access.redhat.com/errata/RHSA-2018:3221",
          "https://access.redhat.com/errata/RHSA-2018:3505",
          "https://access.redhat.com/errata/RHSA-2019:1296",
          "https://access.redhat.com/errata/RHSA-2019:1297",
          "https://cve.mitre.org/cgi-bin/cvename.cgi?name=CVE-2018-0495",
          "https://dev.gnupg.org/T4011",
          "https://git.gnupg.org/cgi-bin/gitweb.cgi?p=libgcrypt.git;a=commit;h=9010d1576e278a4274ad3f4aa15776c28f6ba965",
          "https://lists.debian.org/debian-lts-announce/2018/06/msg00013.html",
          "https://lists.gnupg.org/pipermail/gnupg-announce/2018q2/000426.html",
          "https://usn.ubuntu.com/3689-1/",
          "https://usn.ubuntu.com/3689-2/",
          "https://usn.ubuntu.com/3692-1/",
          "https://usn.ubuntu.com/3692-2/",
          "https://usn.ubuntu.com/3850-1/",
          "https://usn.ubuntu.com/3850-2/",
          "https://www.debian.org/security/2018/dsa-4231",
          "https://www.nccgroup.trust/us/our-research/technical-advisory-return-of-the-hidden-number-problem/",
          "https://www.oracle.com/technetwork/security-advisory/cpuapr2019-5072813.html"
        ]
      },
      {
        "VulnerabilityID": "CVE-2018-12404",
        "PkgName": "nss-sysinit",
        "InstalledVersion": "3.36.0-5.82.amzn1",
        "FixedVersion": "3.44.0-7.84.amzn1",
        "Layer": {
          "DiffID": "sha256:984fe1509738f6f00f34d9be7398b07ebeb8b98dda077ff6be2cdb87111b73cf"
        },
        "SeveritySource": "amazon",
        "PrimaryURL": "https://avd.aquasec.com/nvd/cve-2018-12404",
        "Title": "nss: Cache side-channel variant of the Bleichenbacher attack",
        "Description": "A cached side channel attack during handshakes using RSA encryption could allow for the decryption of encrypted content. This is a variant of the Adaptive Chosen Ciphertext attack (AKA Bleichenbacher attack) and affects all NSS versions prior to NSS 3.41.",
        "Severity": "MEDIUM",
        "References": [
          "http://linux.oracle.com/cve/CVE-2018-12404.html",
          "http://linux.oracle.com/errata/ELSA-2019-2237.html",
          "http://lists.opensuse.org/opensuse-security-announce/2019-07/msg00021.html",
          "http://www.securityfocus.com/bid/107260",
          "https://bugzilla.mozilla.org/show_bug.cgi?id=CVE-2018-12404",
          "https://cve.mitre.org/cgi-bin/cvename.cgi?name=CVE-2018-12404"
        ]
      },
      {
        "VulnerabilityID": "CVE-2019-11729",
        "PkgName": "nss-tools",
        "InstalledVersion": "3.36.0-5.82.amzn1",
        "FixedVersion": "3.44.0-7.84.amzn1",
        "Layer": {
          "DiffID": "sha256:984fe1509738f6f00f34d9be7398b07ebeb8b98dda077ff6be2cdb87111b73cf"
        },
        "SeveritySource": "amazon",
        "PrimaryURL": "https://avd.aquasec.com/nvd/cve-2019-11729",
        "Title": "nss: Empty or malformed p256-ECDH public keys may trigger a segmentation fault",
        "Description": "Empty or malformed p256-ECDH public keys may trigger a segmentation fault due values being improperly sanitized before being copied into memory and used. This vulnerability affects Firefox ESR \u003c 60.8, Firefox \u003c 68, and Thunderbird \u003c 60.8.",
        "Severity": "HIGH",
        "References": [
          "http://linux.oracle.com/cve/CVE-2019-11729.html",
          "http://linux.oracle.com/errata/ELSA-2019-4190.html",
          "http://lists.opensuse.org/opensuse-security-announce/2019-07/msg00055.html",
          "http://lists.opensuse.org/opensuse-security-announce/2019-07/msg00058.html",
          "https://access.redhat.com/errata/RHSA-2019:1951",
          "https://bugzilla.mozilla.org/show_bug.cgi?id=1515342",
          "https://cve.mitre.org/cgi-bin/cvename.cgi?name=CVE-2019-11729",
          "https://www.mozilla.org/en-US/security/advisories/mfsa2019-22/#CVE-2019-11729",
          "https://www.mozilla.org/security/advisories/mfsa2019-21/",
          "https://www.mozilla.org/security/advisories/mfsa2019-22/",
          "https://www.mozilla.org/security/advisories/mfsa2019-23/"
        ]
      },
      {
        "VulnerabilityID": "CVE-2019-11745",
        "PkgName": "nss-tools",
        "InstalledVersion": "3.36.0-5.82.amzn1",
        "FixedVersion": "3.44.0-7.84.amzn1",
        "Layer": {
          "DiffID": "sha256:984fe1509738f6f00f34d9be7398b07ebeb8b98dda077ff6be2cdb87111b73cf"
        },
        "SeveritySource": "amazon",
        "PrimaryURL": "https://avd.aquasec.com/nvd/cve-2019-11745",
        "Title": "nss: Out-of-bounds write when passing an output buffer smaller than the block size to NSC_EncryptUpdate",
        "Description": "When encrypting with a block cipher, if a call to NSC_EncryptUpdate was made with data smaller than the block size, a small out of bounds write could occur. This could have caused heap corruption and a potentially exploitable crash. This vulnerability affects Thunderbird \u003c 68.3, Firefox ESR \u003c 68.3, and Firefox \u003c 71.",
        "Severity": "HIGH",
        "References": [
          "http://linux.oracle.com/cve/CVE-2019-11745.html",
          "http://linux.oracle.com/errata/ELSA-2019-4190.html",
          "http://lists.opensuse.org/opensuse-security-announce/2020-01/msg00000.html",
          "http://lists.opensuse.org/opensuse-security-announce/2020-01/msg00001.html",
          "http://lists.opensuse.org/opensuse-security-announce/2020-01/msg00006.html",
          "https://bugzilla.mozilla.org/show_bug.cgi?id=1586176",
          "https://cve.mitre.org/cgi-bin/cvename.cgi?name=CVE-2019-11745",
          "https://developer.mozilla.org/en-US/docs/Mozilla/Projects/NSS/NSS_3.44.3_release_notes",
          "https://developer.mozilla.org/en-US/docs/Mozilla/Projects/NSS/NSS_3.47.1_release_notes",
          "https://usn.ubuntu.com/4241-1/",
          "https://www.mozilla.org/security/advisories/mfsa2019-36/",
          "https://www.mozilla.org/security/advisories/mfsa2019-37/",
          "https://www.mozilla.org/security/advisories/mfsa2019-38/"
        ]
      },
      {
        "VulnerabilityID": "CVE-2018-0495",
        "PkgName": "nss-tools",
        "InstalledVersion": "3.36.0-5.82.amzn1",
        "FixedVersion": "3.44.0-7.84.amzn1",
        "Layer": {
          "DiffID": "sha256:984fe1509738f6f00f34d9be7398b07ebeb8b98dda077ff6be2cdb87111b73cf"
        },
        "SeveritySource": "amazon",
        "PrimaryURL": "https://avd.aquasec.com/nvd/cve-2018-0495",
        "Title": "ROHNP: Key Extraction Side Channel in Multiple Crypto Libraries",
        "Description": "Libgcrypt before 1.7.10 and 1.8.x before 1.8.3 allows a memory-cache side-channel attack on ECDSA signatures that can be mitigated through the use of blinding during the signing process in the _gcry_ecc_ecdsa_sign function in cipher/ecc-ecdsa.c, aka the Return Of the Hidden Number Problem or ROHNP. To discover an ECDSA key, the attacker needs access to either the local machine or a different virtual machine on the same physical host.",
        "Severity": "MEDIUM",
        "References": [
          "http://linux.oracle.com/cve/CVE-2018-0495.html",
          "http://linux.oracle.com/errata/ELSA-2019-2237.html",
          "http://www.securitytracker.com/id/1041144",
          "http://www.securitytracker.com/id/1041147",
          "https://access.redhat.com/errata/RHSA-2018:3221",
          "https://access.redhat.com/errata/RHSA-2018:3505",
          "https://access.redhat.com/errata/RHSA-2019:1296",
          "https://access.redhat.com/errata/RHSA-2019:1297",
          "https://cve.mitre.org/cgi-bin/cvename.cgi?name=CVE-2018-0495",
          "https://dev.gnupg.org/T4011",
          "https://git.gnupg.org/cgi-bin/gitweb.cgi?p=libgcrypt.git;a=commit;h=9010d1576e278a4274ad3f4aa15776c28f6ba965",
          "https://lists.debian.org/debian-lts-announce/2018/06/msg00013.html",
          "https://lists.gnupg.org/pipermail/gnupg-announce/2018q2/000426.html",
          "https://usn.ubuntu.com/3689-1/",
          "https://usn.ubuntu.com/3689-2/",
          "https://usn.ubuntu.com/3692-1/",
          "https://usn.ubuntu.com/3692-2/",
          "https://usn.ubuntu.com/3850-1/",
          "https://usn.ubuntu.com/3850-2/",
          "https://www.debian.org/security/2018/dsa-4231",
          "https://www.nccgroup.trust/us/our-research/technical-advisory-return-of-the-hidden-number-problem/",
          "https://www.oracle.com/technetwork/security-advisory/cpuapr2019-5072813.html"
        ]
      },
      {
        "VulnerabilityID": "CVE-2018-12404",
        "PkgName": "nss-tools",
        "InstalledVersion": "3.36.0-5.82.amzn1",
        "FixedVersion": "3.44.0-7.84.amzn1",
        "Layer": {
          "DiffID": "sha256:984fe1509738f6f00f34d9be7398b07ebeb8b98dda077ff6be2cdb87111b73cf"
        },
        "SeveritySource": "amazon",
        "PrimaryURL": "https://avd.aquasec.com/nvd/cve-2018-12404",
        "Title": "nss: Cache side-channel variant of the Bleichenbacher attack",
        "Description": "A cached side channel attack during handshakes using RSA encryption could allow for the decryption of encrypted content. This is a variant of the Adaptive Chosen Ciphertext attack (AKA Bleichenbacher attack) and affects all NSS versions prior to NSS 3.41.",
        "Severity": "MEDIUM",
        "References": [
          "http://linux.oracle.com/cve/CVE-2018-12404.html",
          "http://linux.oracle.com/errata/ELSA-2019-2237.html",
          "http://lists.opensuse.org/opensuse-security-announce/2019-07/msg00021.html",
          "http://www.securityfocus.com/bid/107260",
          "https://bugzilla.mozilla.org/show_bug.cgi?id=CVE-2018-12404",
          "https://cve.mitre.org/cgi-bin/cvename.cgi?name=CVE-2018-12404"
        ]
      },
      {
        "VulnerabilityID": "CVE-2019-11729",
        "PkgName": "nss-util",
        "InstalledVersion": "3.36.0-1.54.amzn1",
        "FixedVersion": "3.44.0-4.56.amzn1",
        "Layer": {
          "DiffID": "sha256:984fe1509738f6f00f34d9be7398b07ebeb8b98dda077ff6be2cdb87111b73cf"
        },
        "SeveritySource": "amazon",
        "PrimaryURL": "https://avd.aquasec.com/nvd/cve-2019-11729",
        "Title": "nss: Empty or malformed p256-ECDH public keys may trigger a segmentation fault",
        "Description": "Empty or malformed p256-ECDH public keys may trigger a segmentation fault due values being improperly sanitized before being copied into memory and used. This vulnerability affects Firefox ESR \u003c 60.8, Firefox \u003c 68, and Thunderbird \u003c 60.8.",
        "Severity": "HIGH",
        "References": [
          "http://linux.oracle.com/cve/CVE-2019-11729.html",
          "http://linux.oracle.com/errata/ELSA-2019-4190.html",
          "http://lists.opensuse.org/opensuse-security-announce/2019-07/msg00055.html",
          "http://lists.opensuse.org/opensuse-security-announce/2019-07/msg00058.html",
          "https://access.redhat.com/errata/RHSA-2019:1951",
          "https://bugzilla.mozilla.org/show_bug.cgi?id=1515342",
          "https://cve.mitre.org/cgi-bin/cvename.cgi?name=CVE-2019-11729",
          "https://www.mozilla.org/en-US/security/advisories/mfsa2019-22/#CVE-2019-11729",
          "https://www.mozilla.org/security/advisories/mfsa2019-21/",
          "https://www.mozilla.org/security/advisories/mfsa2019-22/",
          "https://www.mozilla.org/security/advisories/mfsa2019-23/"
        ]
      },
      {
        "VulnerabilityID": "CVE-2019-11745",
        "PkgName": "nss-util",
        "InstalledVersion": "3.36.0-1.54.amzn1",
        "FixedVersion": "3.44.0-4.56.amzn1",
        "Layer": {
          "DiffID": "sha256:984fe1509738f6f00f34d9be7398b07ebeb8b98dda077ff6be2cdb87111b73cf"
        },
        "SeveritySource": "amazon",
        "PrimaryURL": "https://avd.aquasec.com/nvd/cve-2019-11745",
        "Title": "nss: Out-of-bounds write when passing an output buffer smaller than the block size to NSC_EncryptUpdate",
        "Description": "When encrypting with a block cipher, if a call to NSC_EncryptUpdate was made with data smaller than the block size, a small out of bounds write could occur. This could have caused heap corruption and a potentially exploitable crash. This vulnerability affects Thunderbird \u003c 68.3, Firefox ESR \u003c 68.3, and Firefox \u003c 71.",
        "Severity": "HIGH",
        "References": [
          "http://linux.oracle.com/cve/CVE-2019-11745.html",
          "http://linux.oracle.com/errata/ELSA-2019-4190.html",
          "http://lists.opensuse.org/opensuse-security-announce/2020-01/msg00000.html",
          "http://lists.opensuse.org/opensuse-security-announce/2020-01/msg00001.html",
          "http://lists.opensuse.org/opensuse-security-announce/2020-01/msg00006.html",
          "https://bugzilla.mozilla.org/show_bug.cgi?id=1586176",
          "https://cve.mitre.org/cgi-bin/cvename.cgi?name=CVE-2019-11745",
          "https://developer.mozilla.org/en-US/docs/Mozilla/Projects/NSS/NSS_3.44.3_release_notes",
          "https://developer.mozilla.org/en-US/docs/Mozilla/Projects/NSS/NSS_3.47.1_release_notes",
          "https://usn.ubuntu.com/4241-1/",
          "https://www.mozilla.org/security/advisories/mfsa2019-36/",
          "https://www.mozilla.org/security/advisories/mfsa2019-37/",
          "https://www.mozilla.org/security/advisories/mfsa2019-38/"
        ]
      },
      {
        "VulnerabilityID": "CVE-2018-0495",
        "PkgName": "nss-util",
        "InstalledVersion": "3.36.0-1.54.amzn1",
        "FixedVersion": "3.44.0-4.56.amzn1",
        "Layer": {
          "DiffID": "sha256:984fe1509738f6f00f34d9be7398b07ebeb8b98dda077ff6be2cdb87111b73cf"
        },
        "SeveritySource": "amazon",
        "PrimaryURL": "https://avd.aquasec.com/nvd/cve-2018-0495",
        "Title": "ROHNP: Key Extraction Side Channel in Multiple Crypto Libraries",
        "Description": "Libgcrypt before 1.7.10 and 1.8.x before 1.8.3 allows a memory-cache side-channel attack on ECDSA signatures that can be mitigated through the use of blinding during the signing process in the _gcry_ecc_ecdsa_sign function in cipher/ecc-ecdsa.c, aka the Return Of the Hidden Number Problem or ROHNP. To discover an ECDSA key, the attacker needs access to either the local machine or a different virtual machine on the same physical host.",
        "Severity": "MEDIUM",
        "References": [
          "http://linux.oracle.com/cve/CVE-2018-0495.html",
          "http://linux.oracle.com/errata/ELSA-2019-2237.html",
          "http://www.securitytracker.com/id/1041144",
          "http://www.securitytracker.com/id/1041147",
          "https://access.redhat.com/errata/RHSA-2018:3221",
          "https://access.redhat.com/errata/RHSA-2018:3505",
          "https://access.redhat.com/errata/RHSA-2019:1296",
          "https://access.redhat.com/errata/RHSA-2019:1297",
          "https://cve.mitre.org/cgi-bin/cvename.cgi?name=CVE-2018-0495",
          "https://dev.gnupg.org/T4011",
          "https://git.gnupg.org/cgi-bin/gitweb.cgi?p=libgcrypt.git;a=commit;h=9010d1576e278a4274ad3f4aa15776c28f6ba965",
          "https://lists.debian.org/debian-lts-announce/2018/06/msg00013.html",
          "https://lists.gnupg.org/pipermail/gnupg-announce/2018q2/000426.html",
          "https://usn.ubuntu.com/3689-1/",
          "https://usn.ubuntu.com/3689-2/",
          "https://usn.ubuntu.com/3692-1/",
          "https://usn.ubuntu.com/3692-2/",
          "https://usn.ubuntu.com/3850-1/",
          "https://usn.ubuntu.com/3850-2/",
          "https://www.debian.org/security/2018/dsa-4231",
          "https://www.nccgroup.trust/us/our-research/technical-advisory-return-of-the-hidden-number-problem/",
          "https://www.oracle.com/technetwork/security-advisory/cpuapr2019-5072813.html"
        ]
      },
      {
        "VulnerabilityID": "CVE-2018-12404",
        "PkgName": "nss-util",
        "InstalledVersion": "3.36.0-1.54.amzn1",
        "FixedVersion": "3.44.0-4.56.amzn1",
        "Layer": {
          "DiffID": "sha256:984fe1509738f6f00f34d9be7398b07ebeb8b98dda077ff6be2cdb87111b73cf"
        },
        "SeveritySource": "amazon",
        "PrimaryURL": "https://avd.aquasec.com/nvd/cve-2018-12404",
        "Title": "nss: Cache side-channel variant of the Bleichenbacher attack",
        "Description": "A cached side channel attack during handshakes using RSA encryption could allow for the decryption of encrypted content. This is a variant of the Adaptive Chosen Ciphertext attack (AKA Bleichenbacher attack) and affects all NSS versions prior to NSS 3.41.",
        "Severity": "MEDIUM",
        "References": [
          "http://linux.oracle.com/cve/CVE-2018-12404.html",
          "http://linux.oracle.com/errata/ELSA-2019-2237.html",
          "http://lists.opensuse.org/opensuse-security-announce/2019-07/msg00021.html",
          "http://www.securityfocus.com/bid/107260",
          "https://bugzilla.mozilla.org/show_bug.cgi?id=CVE-2018-12404",
          "https://cve.mitre.org/cgi-bin/cvename.cgi?name=CVE-2018-12404"
        ]
      },
      {
        "VulnerabilityID": "CVE-2019-1563",
        "PkgName": "openssl",
        "InstalledVersion": "1:1.0.2k-16.150.amzn1",
        "FixedVersion": "1:1.0.2k-16.151.amzn1",
        "Layer": {
          "DiffID": "sha256:984fe1509738f6f00f34d9be7398b07ebeb8b98dda077ff6be2cdb87111b73cf"
        },
        "SeveritySource": "amazon",
        "PrimaryURL": "https://avd.aquasec.com/nvd/cve-2019-1563",
        "Title": "openssl: information disclosure in PKCS7_dataDecode and CMS_decrypt_set1_pkey",
        "Description": "In situations where an attacker receives automated notification of the success or failure of a decryption attempt an attacker, after sending a very large number of messages to be decrypted, can recover a CMS/PKCS7 transported encryption key or decrypt any RSA encrypted message that was encrypted with the public RSA key, using a Bleichenbacher padding oracle attack. Applications are not affected if they use a certificate together with the private RSA key to the CMS_decrypt or PKCS7_decrypt functions to select the correct recipient info to decrypt. Fixed in OpenSSL 1.1.1d (Affected 1.1.1-1.1.1c). Fixed in OpenSSL 1.1.0l (Affected 1.1.0-1.1.0k). Fixed in OpenSSL 1.0.2t (Affected 1.0.2-1.0.2s).",
        "Severity": "HIGH",
        "References": [
          "http://packetstormsecurity.com/files/154467/Slackware-Security-Advisory-openssl-Updates.html",
          "https://cve.mitre.org/cgi-bin/cvename.cgi?name=CVE-2019-1563",
          "https://git.openssl.org/gitweb/?p=openssl.git;a=commitdiff;h=08229ad838c50f644d7e928e2eef147b4308ad64",
          "https://git.openssl.org/gitweb/?p=openssl.git;a=commitdiff;h=631f94db0065c78181ca9ba5546ebc8bb3884b97",
          "https://git.openssl.org/gitweb/?p=openssl.git;a=commitdiff;h=e21f8cf78a125cd3c8c0d1a1a6c8bb0b901f893f",
          "https://seclists.org/bugtraq/2019/Sep/25",
          "https://security.netapp.com/advisory/ntap-20190919-0002/",
          "https://www.openssl.org/news/secadv/20190910.txt"
        ]
      },
      {
        "VulnerabilityID": "CVE-2019-16056",
        "PkgName": "python27",
        "InstalledVersion": "2.7.16-1.129.amzn1",
        "FixedVersion": "2.7.16-1.130.amzn1",
        "Layer": {
          "DiffID": "sha256:984fe1509738f6f00f34d9be7398b07ebeb8b98dda077ff6be2cdb87111b73cf"
        },
        "SeveritySource": "amazon",
        "PrimaryURL": "https://avd.aquasec.com/nvd/cve-2019-16056",
        "Title": "python: email.utils.parseaddr wrongly parses email addresses",
        "Description": "An issue was discovered in Python through 2.7.16, 3.x through 3.5.7, 3.6.x through 3.6.9, and 3.7.x through 3.7.4. The email module wrongly parses email addresses that contain multiple @ characters. An application that uses the email module and implements some kind of checks on the From/To headers of a message could be tricked into accepting an email address that should be denied. An attack may be the same as in CVE-2019-11340; however, this CVE applies to Python more generally.",
        "Severity": "MEDIUM",
        "References": [
          "https://bugs.python.org/issue34155",
          "https://cve.mitre.org/cgi-bin/cvename.cgi?name=CVE-2019-16056",
          "https://github.com/python/cpython/commit/8cb65d1381b027f0b09ee36bfed7f35bb4dec9a9",
          "https://lists.debian.org/debian-lts-announce/2019/09/msg00018.html",
          "https://lists.debian.org/debian-lts-announce/2019/09/msg00019.html",
          "https://lists.fedoraproject.org/archives/list/package-announce@lists.fedoraproject.org/message/E2HP37NUVLQSBW3J735A2DQDOZ4ZGBLY/",
          "https://lists.fedoraproject.org/archives/list/package-announce@lists.fedoraproject.org/message/ER6LONC2B2WYIO56GBQUDU6QTWZDPUNQ/",
          "https://lists.fedoraproject.org/archives/list/package-announce@lists.fedoraproject.org/message/K4KZEFP6E4YPYB52AF4WXCUDSGQOTF37/",
          "https://lists.fedoraproject.org/archives/list/package-announce@lists.fedoraproject.org/message/NF3DRDGMVIRYNZMSLJIHNW47HOUQYXVG/"
        ]
      },
      {
        "VulnerabilityID": "CVE-2019-16935",
        "PkgName": "python27",
        "InstalledVersion": "2.7.16-1.129.amzn1",
        "FixedVersion": "2.7.16-1.131.amzn1",
        "Layer": {
          "DiffID": "sha256:984fe1509738f6f00f34d9be7398b07ebeb8b98dda077ff6be2cdb87111b73cf"
        },
        "SeveritySource": "amazon",
        "PrimaryURL": "https://avd.aquasec.com/nvd/cve-2019-16935",
        "Title": "python: XSS vulnerability in the documentation XML-RPC server in server_title field",
        "Description": "The documentation XML-RPC server in Python through 2.7.16, 3.x through 3.6.9, and 3.7.x through 3.7.4 has XSS via the server_title field. This occurs in Lib/DocXMLRPCServer.py in Python 2.x, and in Lib/xmlrpc/server.py in Python 3.x. If set_server_title is called with untrusted input, arbitrary JavaScript can be delivered to clients that visit the http URL for this server.",
        "Severity": "MEDIUM",
        "References": [
          "https://bugs.python.org/issue38243",
          "https://github.com/python/cpython/blob/35c0809158be7feae4c4f877a08b93baea2d8291/Lib/xmlrpc/server.py#L897",
          "https://github.com/python/cpython/blob/e007860b8b3609ce0bc62b1780efaa06241520bd/Lib/DocXMLRPCServer.py#L213",
          "https://github.com/python/cpython/pull/16373",
          "https://security.netapp.com/advisory/ntap-20191017-0004/",
          "https://usn.ubuntu.com/4151-1/",
          "https://usn.ubuntu.com/4151-2/"
        ]
      },
      {
        "VulnerabilityID": "CVE-2019-16056",
        "PkgName": "python27-libs",
        "InstalledVersion": "2.7.16-1.129.amzn1",
        "FixedVersion": "2.7.16-1.130.amzn1",
        "Layer": {
          "DiffID": "sha256:984fe1509738f6f00f34d9be7398b07ebeb8b98dda077ff6be2cdb87111b73cf"
        },
        "SeveritySource": "amazon",
        "PrimaryURL": "https://avd.aquasec.com/nvd/cve-2019-16056",
        "Title": "python: email.utils.parseaddr wrongly parses email addresses",
        "Description": "An issue was discovered in Python through 2.7.16, 3.x through 3.5.7, 3.6.x through 3.6.9, and 3.7.x through 3.7.4. The email module wrongly parses email addresses that contain multiple @ characters. An application that uses the email module and implements some kind of checks on the From/To headers of a message could be tricked into accepting an email address that should be denied. An attack may be the same as in CVE-2019-11340; however, this CVE applies to Python more generally.",
        "Severity": "MEDIUM",
        "References": [
          "https://bugs.python.org/issue34155",
          "https://cve.mitre.org/cgi-bin/cvename.cgi?name=CVE-2019-16056",
          "https://github.com/python/cpython/commit/8cb65d1381b027f0b09ee36bfed7f35bb4dec9a9",
          "https://lists.debian.org/debian-lts-announce/2019/09/msg00018.html",
          "https://lists.debian.org/debian-lts-announce/2019/09/msg00019.html",
          "https://lists.fedoraproject.org/archives/list/package-announce@lists.fedoraproject.org/message/E2HP37NUVLQSBW3J735A2DQDOZ4ZGBLY/",
          "https://lists.fedoraproject.org/archives/list/package-announce@lists.fedoraproject.org/message/ER6LONC2B2WYIO56GBQUDU6QTWZDPUNQ/",
          "https://lists.fedoraproject.org/archives/list/package-announce@lists.fedoraproject.org/message/K4KZEFP6E4YPYB52AF4WXCUDSGQOTF37/",
          "https://lists.fedoraproject.org/archives/list/package-announce@lists.fedoraproject.org/message/NF3DRDGMVIRYNZMSLJIHNW47HOUQYXVG/"
        ]
      },
      {
        "VulnerabilityID": "CVE-2019-16935",
        "PkgName": "python27-libs",
        "InstalledVersion": "2.7.16-1.129.amzn1",
        "FixedVersion": "2.7.16-1.131.amzn1",
        "Layer": {
          "DiffID": "sha256:984fe1509738f6f00f34d9be7398b07ebeb8b98dda077ff6be2cdb87111b73cf"
        },
        "SeveritySource": "amazon",
        "PrimaryURL": "https://avd.aquasec.com/nvd/cve-2019-16935",
        "Title": "python: XSS vulnerability in the documentation XML-RPC server in server_title field",
        "Description": "The documentation XML-RPC server in Python through 2.7.16, 3.x through 3.6.9, and 3.7.x through 3.7.4 has XSS via the server_title field. This occurs in Lib/DocXMLRPCServer.py in Python 2.x, and in Lib/xmlrpc/server.py in Python 3.x. If set_server_title is called with untrusted input, arbitrary JavaScript can be delivered to clients that visit the http URL for this server.",
        "Severity": "MEDIUM",
        "References": [
          "https://bugs.python.org/issue38243",
          "https://github.com/python/cpython/blob/35c0809158be7feae4c4f877a08b93baea2d8291/Lib/xmlrpc/server.py#L897",
          "https://github.com/python/cpython/blob/e007860b8b3609ce0bc62b1780efaa06241520bd/Lib/DocXMLRPCServer.py#L213",
          "https://github.com/python/cpython/pull/16373",
          "https://security.netapp.com/advisory/ntap-20191017-0004/",
          "https://usn.ubuntu.com/4151-1/",
          "https://usn.ubuntu.com/4151-2/"
        ]
      }
    ]
  }
]