[
  {
    "Target": "testdata/fixtures/images/distroless-base.tar.gz (debian 9.9)",
    "Class": "os-pkgs",
    "Type": "debian",
    "Vulnerabilities": [
      {
        "VulnerabilityID": "CVE-2018-6485",
        "PkgName": "libc6",
        "InstalledVersion": "2.24-11+deb9u4",
        "Layer": {
          "DiffID": "sha256:dffd9992ca398466a663c87c92cfea2a2db0ae0cf33fcb99da60eec52addbfc5"
        },
        "SeveritySource": "nvd",
        "PrimaryURL": "https://avd.aquasec.com/nvd/cve-2018-6485",
        "Title": "glibc: Integer overflow in posix_memalign in memalign functions",
        "Description": "An integer overflow in the implementation of the posix_memalign in memalign functions in the GNU C Library (aka glibc or libc6) 2.26 and earlier could cause these functions to return a pointer to a heap area that is too small, potentially leading to heap corruption.",
        "Severity": "CRITICAL",
        "CweIDs": [
          "CWE-190"
        ],
        "CVSS": {
          "nvd": {
            "V2Vector": "AV:N/AC:L/Au:N/C:P/I:P/A:P",
            "V3Vector": "CVSS:3.0/AV:N/AC:L/PR:N/UI:N/S:U/C:H/I:H/A:H",
            "V2Score": 7.5,
            "V3Score": 9.8
          },
          "redhat": {
            "V3Vector": "CVSS:3.0/AV:L/AC:L/PR:L/UI:N/S:U/C:L/I:L/A:L",
            "V3Score": 5.3
          }
        },
        "References": [
          "http://bugs.debian.org/878159",
          "http://linux.oracle.com/cve/CVE-2018-6485.html",
          "http://linux.oracle.com/errata/ELSA-2018-3092.html",
          "http://www.securityfocus.com/bid/102912",
          "https://access.redhat.com/errata/RHBA-2019:0327",
          "https://access.redhat.com/errata/RHSA-2018:3092",
          "https://cve.mitre.org/cgi-bin/cvename.cgi?name=CVE-2018-6485",
          "https://security.netapp.com/advisory/ntap-20190404-0003/",
          "https://sourceware.org/bugzilla/show_bug.cgi?id=22343",
          "https://usn.ubuntu.com/4218-1/",
          "https://usn.ubuntu.com/usn/usn-4218-1",
          "https://www.oracle.com/technetwork/security-advisory/cpuapr2019-5072813.html"
        ],
        "PublishedDate": "2018-02-01T14:29:00Z",
        "LastModifiedDate": "2019-12-10T17:15:00Z"
      },
      {
        "VulnerabilityID": "CVE-2018-6551",
        "PkgName": "libc6",
        "InstalledVersion": "2.24-11+deb9u4",
        "Layer": {
          "DiffID": "sha256:dffd9992ca398466a663c87c92cfea2a2db0ae0cf33fcb99da60eec52addbfc5"
        },
        "SeveritySource": "nvd",
        "PrimaryURL": "https://avd.aquasec.com/nvd/cve-2018-6551",
        "Title": "glibc: integer overflow in malloc functions",
        "Description": "The malloc implementation in the GNU C Library (aka glibc or libc6), from version 2.24 to 2.26 on powerpc, and only in version 2.26 on i386, did not properly handle malloc calls with arguments close to SIZE_MAX and could return a pointer to a heap region that is smaller than requested, eventually leading to heap corruption.",
        "Severity": "CRITICAL",
        "CweIDs": [
          "CWE-119"
        ],
        "CVSS": {
          "nvd": {
            "V2Vector": "AV:N/AC:L/Au:N/C:P/I:P/A:P",
            "V3Vector": "CVSS:3.0/AV:N/AC:L/PR:N/UI:N/S:U/C:H/I:H/A:H",
            "V2Score": 7.5,
            "V3Score": 9.8
          },
          "redhat": {
            "V3Vector": "CVSS:3.0/AV:L/AC:L/PR:L/UI:N/S:U/C:L/I:L/A:L",
            "V3Score": 5.3
          }
        },
        "References": [
          "https://cve.mitre.org/cgi-bin/cvename.cgi?name=CVE-2018-6551",
          "https://security.netapp.com/advisory/ntap-20190404-0003/",
          "https://sourceware.org/bugzilla/show_bug.cgi?id=22774",
          "https://sourceware.org/git/?p=glibc.git;a=commit;h=8e448310d74b283c5cd02b9ed7fb997b47bf9b22"
        ],
        "PublishedDate": "2018-02-02T14:29:00Z",
        "LastModifiedDate": "2019-04-04T11:29:00Z"
      },
      {
        "VulnerabilityID": "CVE-2019-9169",
        "PkgName": "libc6",
        "InstalledVersion": "2.24-11+deb9u4",
        "Layer": {
          "DiffID": "sha256:dffd9992ca398466a663c87c92cfea2a2db0ae0cf33fcb99da60eec52addbfc5"
        },
        "SeveritySource": "nvd",
        "PrimaryURL": "https://avd.aquasec.com/nvd/cve-2019-9169",
        "Title": "glibc: regular-expression match via proceed_next_node in posix/regexec.c leads to heap-based buffer over-read",
        "Description": "In the GNU C Library (aka glibc or libc6) through 2.29, proceed_next_node in posix/regexec.c has a heap-based buffer over-read via an attempted case-insensitive regular-expression match.",
        "Severity": "CRITICAL",
        "CweIDs": [
          "CWE-125"
        ],
        "CVSS": {
          "nvd": {
            "V2Vector": "AV:N/AC:L/Au:N/C:P/I:P/A:P",
            "V3Vector": "CVSS:3.0/AV:N/AC:L/PR:N/UI:N/S:U/C:H/I:H/A:H",
            "V2Score": 7.5,
            "V3Score": 9.8
          },
          "redhat": {
            "V3Vector": "CVSS:3.0/AV:N/AC:L/PR:N/UI:N/S:U/C:L/I:N/A:L",
            "V3Score": 6.5
          }
        },
        "References": [
          "http://www.securityfocus.com/bid/107160",
          "https://cve.mitre.org/cgi-bin/cvename.cgi?name=CVE-2019-9169",
          "https://debbugs.gnu.org/cgi/bugreport.cgi?bug=34140",
          "https://debbugs.gnu.org/cgi/bugreport.cgi?bug=34142",
          "https://kc.mcafee.com/corporate/index?page=content\u0026id=SB10278",
          "https://security.netapp.com/advisory/ntap-20190315-0002/",
          "https://sourceware.org/bugzilla/show_bug.cgi?id=24114",
          "https://sourceware.org/git/gitweb.cgi?p=glibc.git;a=commit;h=583dd860d5b833037175247230a328f0050dbfe9",
          "https://support.f5.com/csp/article/K54823184"
        ],
        "PublishedDate": "2019-02-26T02:29:00Z",
        "LastModifiedDate": "2019-04-16T05:29:00Z"
      },
      {
        "VulnerabilityID": "CVE-2009-5155",
        "PkgName": "libc6",
        "InstalledVersion": "2.24-11+deb9u4",
        "Layer": {
          "DiffID": "sha256:dffd9992ca398466a663c87c92cfea2a2db0ae0cf33fcb99da60eec52addbfc5"
        },
        "SeveritySource": "nvd",
        "PrimaryURL": "https://avd.aquasec.com/nvd/cve-2009-5155",
        "Title": "glibc: parse_reg_exp in posix/regcomp.c misparses alternatives leading to denial of service or trigger incorrect result",
        "Description": "In the GNU C Library (aka glibc or libc6) before 2.28, parse_reg_exp in posix/regcomp.c misparses alternatives, which allows attackers to cause a denial of service (assertion failure and application exit) or trigger an incorrect result by attempting a regular-expression match.",
        "Severity": "HIGH",
        "CweIDs": [
          "CWE-19"
        ],
        "CVSS": {
          "nvd": {
            "V2Vector": "AV:N/AC:L/Au:N/C:N/I:N/A:P",
            "V3Vector": "CVSS:3.0/AV:N/AC:L/PR:N/UI:N/S:U/C:N/I:N/A:H",
            "V2Score": 5,
            "V3Score": 7.5
          },
          "redhat": {
            "V3Vector": "CVSS:3.0/AV:N/AC:L/PR:N/UI:N/S:U/C:N/I:N/A:H",
            "V3Score": 7.5
          }
        },
        "References": [
          "http://git.savannah.gnu.org/cgit/gnulib.git/commit/?id=5513b40999149090987a0341c018d05d3eea1272",
          "https://cve.mitre.org/cgi-bin/cvename.cgi?name=CVE-2009-5155",
          "https://debbugs.gnu.org/cgi/bugreport.cgi?bug=22793",
          "https://debbugs.gnu.org/cgi/bugreport.cgi?bug=32806",
          "https://debbugs.gnu.org/cgi/bugreport.cgi?bug=34238",
          "https://security.netapp.com/advisory/ntap-20190315-0002/",
          "https://sourceware.org/bugzilla/show_bug.cgi?id=11053",
          "https://sourceware.org/bugzilla/show_bug.cgi?id=18986",
          "https://sourceware.org/git/gitweb.cgi?p=glibc.git;h=eb04c21373e2a2885f3d52ff192b0499afe3c672",
          "https://support.f5.com/csp/article/K64119434"
        ],
        "PublishedDate": "2019-02-26T02:29:00Z",
        "LastModifiedDate": "2019-03-25T17:29:00Z"
      },
      {
        "VulnerabilityID": "CVE-2018-1000001",
        "PkgName": "libc6",
        "InstalledVersion": "2.24-11+deb9u4",
        "Layer": {
          "DiffID": "sha256:dffd9992ca398466a663c87c92cfea2a2db0ae0cf33fcb99da60eec52addbfc5"
        },
        "SeveritySource": "nvd",
        "PrimaryURL": "https://avd.aquasec.com/nvd/cve-2018-1000001",
        "Title": "glibc: realpath() buffer underflow when getcwd() returns relative path allows privilege escalation",
        "Description": "In glibc 2.26 and earlier there is confusion in the usage of getcwd() by realpath() which can be used to write before the destination buffer leading to a buffer underflow and potential code execution.",
        "Severity": "HIGH",
        "CweIDs": [
          "CWE-787"
        ],
        "CVSS": {
          "nvd": {
            "V2Vector": "AV:L/AC:L/Au:N/C:C/I:C/A:C",
            "V3Vector": "CVSS:3.0/AV:L/AC:L/PR:L/UI:N/S:U/C:H/I:H/A:H",
            "V2Score": 7.2,
            "V3Score": 7.8
          },
          "redhat": {
            "V3Vector": "CVSS:3.0/AV:L/AC:H/PR:L/UI:N/S:U/C:H/I:H/A:H",
            "V3Score": 7
          }
        },
        "References": [
          "http://linux.oracle.com/cve/CVE-2018-1000001.html",
          "http://linux.oracle.com/errata/ELSA-2018-0805.html",
          "http://seclists.org/oss-sec/2018/q1/38",
          "http://www.openwall.com/lists/oss-security/2018/01/11/5",
          "http://www.securityfocus.com/bid/102525",
          "http://www.securitytracker.com/id/1040162",
          "https://access.redhat.com/errata/RHSA-2018:0805",
          "https://cve.mitre.org/cgi-bin/cvename.cgi?name=CVE-2018-1000001",
          "https://lists.samba.org/archive/rsync/2018-February/031478.html",
          "https://security.netapp.com/advisory/ntap-20190404-0003/",
          "https://sourceware.org/bugzilla/show_bug.cgi?id=18203",
          "https://usn.ubuntu.com/3534-1/",
          "https://usn.ubuntu.com/3536-1/",
          "https://usn.ubuntu.com/usn/usn-3534-1",
          "https://usn.ubuntu.com/usn/usn-3536-1",
          "https://www.exploit-db.com/exploits/43775/",
          "https://www.exploit-db.com/exploits/44889/",
          "https://www.halfdog.net/Security/2017/LibcRealpathBufferUnderflow/"
        ],
        "PublishedDate": "2018-01-31T14:29:00Z",
        "LastModifiedDate": "2019-10-03T00:03:00Z"
      },
      {
        "VulnerabilityID": "CVE-2016-10739",
        "PkgName": "libc6",
        "InstalledVersion": "2.24-11+deb9u4",
        "Layer": {
          "DiffID": "sha256:dffd9992ca398466a663c87c92cfea2a2db0ae0cf33fcb99da60eec52addbfc5"
        },
        "SeveritySource": "nvd",
        "PrimaryURL": "https://avd.aquasec.com/nvd/cve-2016-10739",
        "Title": "glibc: getaddrinfo should reject IP addresses with trailing characters",
        "Description": "In the GNU C Library (aka glibc or libc6) through 2.28, the getaddrinfo function would successfully parse a string that contained an IPv4 address followed by whitespace and arbitrary characters, which could lead applications to incorrectly assume that it had parsed a valid string, without the possibility of embedded HTTP headers or other potentially dangerous substrings.",
        "Severity": "MEDIUM",
        "CweIDs": [
          "CWE-20"
        ],
        "CVSS": {
          "nvd": {
            "V2Vector": "AV:L/AC:L/Au:N/C:P/I:P/A:P",
            "V3Vector": "CVSS:3.0/AV:L/AC:L/PR:L/UI:N/S:U/C:L/I:L/A:L",
            "V2Score": 4.6,
            "V3Score": 5.3
          },
          "redhat": {
            "V2Vector": "AV:L/AC:L/Au:N/C:P/I:P/A:P",
            "V2Score": 4.6
          }
        },
        "References": [
          "http://linux.oracle.com/cve/CVE-2016-10739.html",
          "http://linux.oracle.com/errata/ELSA-2019-3513.html",
          "http://lists.opensuse.org/opensuse-security-announce/2019-04/msg00082.html",
          "http://www.securityfocus.com/bid/106672",
          "https://access.redhat.com/errata/RHSA-2019:2118",
          "https://bugzilla.redhat.com/show_bug.cgi?id=1347549",
          "https://cve.mitre.org/cgi-bin/cvename.cgi?name=CVE-2016-10739",
          "https://sourceware.org/bugzilla/show_bug.cgi?id=20018"
        ],
        "PublishedDate": "2019-01-21T19:29:00Z",
        "LastModifiedDate": "2019-08-06T17:15:00Z"
      },
      {
        "VulnerabilityID": "CVE-2017-12132",
        "PkgName": "libc6",
        "InstalledVersion": "2.24-11+deb9u4",
        "Layer": {
          "DiffID": "sha256:dffd9992ca398466a663c87c92cfea2a2db0ae0cf33fcb99da60eec52addbfc5"
        },
        "SeveritySource": "nvd",
        "PrimaryURL": "https://avd.aquasec.com/nvd/cve-2017-12132",
        "Title": "glibc: Fragmentation attacks possible when EDNS0 is enabled",
        "Description": "The DNS stub resolver in the GNU C Library (aka glibc or libc6) before version 2.26, when EDNS support is enabled, will solicit large UDP responses from name servers, potentially simplifying off-path DNS spoofing attacks due to IP fragmentation.",
        "Severity": "MEDIUM",
        "CweIDs": [
          "CWE-770"
        ],
        "CVSS": {
          "nvd": {
            "V2Vector": "AV:N/AC:M/Au:N/C:N/I:P/A:N",
            "V3Vector": "CVSS:3.0/AV:N/AC:H/PR:N/UI:N/S:U/C:N/I:H/A:N",
            "V2Score": 4.3,
            "V3Score": 5.9
          },
          "redhat": {
            "V3Vector": "CVSS:3.0/AV:N/AC:H/PR:L/UI:R/S:C/C:N/I:L/A:N",
            "V3Score": 3
          }
        },
        "References": [
          "http://linux.oracle.com/cve/CVE-2017-12132.html",
          "http://linux.oracle.com/errata/ELSA-2018-0805.html",
          "http://www.securityfocus.com/bid/100598",
          "https://access.redhat.com/errata/RHSA-2018:0805",
          "https://arxiv.org/pdf/1205.4011.pdf",
          "https://cve.mitre.org/cgi-bin/cvename.cgi?name=CVE-2017-12132",
          "https://sourceware.org/bugzilla/show_bug.cgi?id=21361"
        ],
        "PublishedDate": "2017-08-01T16:29:00Z",
        "LastModifiedDate": "2019-10-03T00:03:00Z"
      },
      {
        "VulnerabilityID": "CVE-2010-4051",
        "PkgName": "libc6",
        "InstalledVersion": "2.24-11+deb9u4",
        "Layer": {
          "DiffID": "sha256:dffd9992ca398466a663c87c92cfea2a2db0ae0cf33fcb99da60eec52addbfc5"
        },
        "SeveritySource": "debian",
        "PrimaryURL": "https://avd.aquasec.com/nvd/cve-2010-4051",
        "Title": "CVE-2010-4052 glibc: De-recursivise regular expression engine",
        "Description": "The regcomp implementation in the GNU C Library (aka glibc or libc6) through 2.11.3, and 2.12.x through 2.12.2, allows context-dependent attackers to cause a denial of service (application crash) via a regular expression containing adjacent bounded repetitions that bypass the intended RE_DUP_MAX limitation, as demonstrated by a {10,}{10,}{10,}{10,}{10,} sequence in the proftpd.gnu.c exploit for ProFTPD, related to a \"RE_DUP_MAX overflow.\"",
        "Severity": "LOW",
        "CVSS": {
          "nvd": {
            "V2Vector": "AV:N/AC:L/Au:N/C:N/I:N/A:P",
            "V2Score": 5
          },
          "redhat": {
            "V2Vector": "AV:L/AC:L/Au:N/C:N/I:N/A:P",
            "V2Score": 2.1
          }
        },
        "References": [
          "http://cxib.net/stuff/proftpd.gnu.c",
          "http://seclists.org/fulldisclosure/2011/Jan/78",
          "http://secunia.com/advisories/42547",
          "http://securityreason.com/achievement_securityalert/93",
          "http://securityreason.com/securityalert/8003",
          "http://securitytracker.com/id?1024832",
          "http://www.exploit-db.com/exploits/15935",
          "http://www.kb.cert.org/vuls/id/912279",
          "http://www.securityfocus.com/archive/1/515589/100/0/threaded",
          "http://www.securityfocus.com/bid/45233",
          "https://bugzilla.redhat.com/show_bug.cgi?id=645859"
        ],
        "PublishedDate": "2011-01-13T19:00:00Z",
        "LastModifiedDate": "2018-10-10T20:06:00Z"
      },
      {
        "VulnerabilityID": "CVE-2010-4052",
        "PkgName": "libc6",
        "InstalledVersion": "2.24-11+deb9u4",
        "Layer": {
          "DiffID": "sha256:dffd9992ca398466a663c87c92cfea2a2db0ae0cf33fcb99da60eec52addbfc5"
        },
        "SeveritySource": "debian",
        "PrimaryURL": "https://avd.aquasec.com/nvd/cve-2010-4052",
        "Title": "CVE-2010-4051 CVE-2010-4052 glibc: De-recursivise regular expression engine",
        "Description": "Stack consumption vulnerability in the regcomp implementation in the GNU C Library (aka glibc or libc6) through 2.11.3, and 2.12.x through 2.12.2, allows context-dependent attackers to cause a denial of service (resource exhaustion) via a regular expression containing adjacent repetition operators, as demonstrated by a {10,}{10,}{10,}{10,} sequence in the proftpd.gnu.c exploit for ProFTPD.",
        "Severity": "LOW",
        "CweIDs": [
          "CWE-399"
        ],
        "CVSS": {
          "nvd": {
            "V2Vector": "AV:N/AC:L/Au:N/C:N/I:N/A:P",
            "V2Score": 5
          },
          "redhat": {
            "V2Vector": "AV:L/AC:L/Au:N/C:N/I:N/A:P",
            "V2Score": 2.1
          }
        },
        "References": [
          "http://cxib.net/stuff/proftpd.gnu.c",
          "http://seclists.org/fulldisclosure/2011/Jan/78",
          "http://secunia.com/advisories/42547",
          "http://securityreason.com/achievement_securityalert/93",
          "http://securityreason.com/securityalert/8003",
          "http://securitytracker.com/id?1024832",
          "http://www.exploit-db.com/exploits/15935",
          "http://www.kb.cert.org/vuls/id/912279",
          "http://www.securityfocus.com/archive/1/515589/100/0/threaded",
          "http://www.securityfocus.com/bid/45233",
          "https://bugzilla.redhat.com/show_bug.cgi?id=645859"
        ],
        "PublishedDate": "2011-01-13T19:00:00Z",
        "LastModifiedDate": "2018-10-10T20:06:00Z"
      },
      {
        "VulnerabilityID": "CVE-2010-4756",
        "PkgName": "libc6",
        "InstalledVersion": "2.24-11+deb9u4",
        "Layer": {
          "DiffID": "sha256:dffd9992ca398466a663c87c92cfea2a2db0ae0cf33fcb99da60eec52addbfc5"
        },
        "SeveritySource": "debian",
        "PrimaryURL": "https://avd.aquasec.com/nvd/cve-2010-4756",
        "Title": "glibc: glob implementation can cause excessive CPU and memory consumption due to crafted glob expressions",
        "Description": "The glob implementation in the GNU C Library (aka glibc or libc6) allows remote authenticated users to cause a denial of service (CPU and memory consumption) via crafted glob expressions that do not match any pathnames, as demonstrated by glob expressions in STAT commands to an FTP daemon, a different vulnerability than CVE-2010-2632.",
        "Severity": "LOW",
        "CweIDs": [
          "CWE-399"
        ],
        "CVSS": {
          "nvd": {
            "V2Vector": "AV:N/AC:L/Au:S/C:N/I:N/A:P",
            "V2Score": 4
          },
          "redhat": {
            "V2Vector": "AV:N/AC:L/Au:N/C:N/I:N/A:P",
            "V2Score": 5
          }
        },
        "References": [
          "http://cxib.net/stuff/glob-0day.c",
          "http://securityreason.com/achievement_securityalert/89",
          "http://securityreason.com/exploitalert/9223"
        ],
        "PublishedDate": "2011-03-02T20:00:00Z",
        "LastModifiedDate": "2011-03-04T05:00:00Z"
      },
      {
        "VulnerabilityID": "CVE-2015-8985",
        "PkgName": "libc6",
        "InstalledVersion": "2.24-11+deb9u4",
        "Layer": {
          "DiffID": "sha256:dffd9992ca398466a663c87c92cfea2a2db0ae0cf33fcb99da60eec52addbfc5"
        },
        "SeveritySource": "debian",
        "PrimaryURL": "https://avd.aquasec.com/nvd/cve-2015-8985",
        "Title": "glibc: potential denial of service in pop_fail_stack()",
        "Description": "The pop_fail_stack function in the GNU C Library (aka glibc or libc6) allows context-dependent attackers to cause a denial of service (assertion failure and application crash) via vectors related to extended regular expression processing.",
        "Severity": "LOW",
        "CweIDs": [
          "CWE-19"
        ],
        "CVSS": {
          "nvd": {
            "V2Vector": "AV:N/AC:M/Au:N/C:N/I:N/A:P",
            "V3Vector": "CVSS:3.0/AV:N/AC:H/PR:N/UI:N/S:U/C:N/I:N/A:H",
            "V2Score": 4.3,
            "V3Score": 5.9
          },
          "redhat": {
            "V2Vector": "AV:L/AC:M/Au:N/C:N/I:N/A:P",
            "V2Score": 1.9
          }
        },
        "References": [
          "http://www.openwall.com/lists/oss-security/2017/02/14/9",
          "http://www.securityfocus.com/bid/76916",
          "https://bugs.debian.org/cgi-bin/bugreport.cgi?bug=779392",
          "https://cve.mitre.org/cgi-bin/cvename.cgi?name=CVE-2015-8985",
          "https://security.gentoo.org/glsa/201908-06"
        ],
        "PublishedDate": "2017-03-20T16:59:00Z",
        "LastModifiedDate": "2019-08-15T18:15:00Z"
      },
      {
        "VulnerabilityID": "CVE-2016-10228",
        "PkgName": "libc6",
        "InstalledVersion": "2.24-11+deb9u4",
        "Layer": {
          "DiffID": "sha256:dffd9992ca398466a663c87c92cfea2a2db0ae0cf33fcb99da60eec52addbfc5"
        },
        "SeveritySource": "debian",
        "PrimaryURL": "https://avd.aquasec.com/nvd/cve-2016-10228",
        "Title": "glibc: iconv program can hang when invoked with the -c option",
        "Description": "The iconv program in the GNU C Library (aka glibc or libc6) 2.25 and earlier, when invoked with the -c option, enters an infinite loop when processing invalid multi-byte input sequences, leading to a denial of service.",
        "Severity": "LOW",
        "CweIDs": [
          "CWE-20"
        ],
        "CVSS": {
          "nvd": {
            "V2Vector": "AV:N/AC:M/Au:N/C:N/I:N/A:P",
            "V3Vector": "CVSS:3.0/AV:N/AC:H/PR:N/UI:N/S:U/C:N/I:N/A:H",
            "V2Score": 4.3,
            "V3Score": 5.9
          },
          "redhat": {
            "V3Vector": "CVSS:3.0/AV:L/AC:L/PR:N/UI:R/S:U/C:N/I:N/A:L",
            "V3Score": 3.3
          }
        },
        "References": [
          "http://openwall.com/lists/oss-security/2017/03/01/10",
          "http://www.securityfocus.com/bid/96525",
          "https://cve.mitre.org/cgi-bin/cvename.cgi?name=CVE-2016-10228",
          "https://sourceware.org/bugzilla/show_bug.cgi?id=19519"
        ],
        "PublishedDate": "2017-03-02T01:59:00Z",
        "LastModifiedDate": "2017-03-04T02:59:00Z"
      },
      {
        "VulnerabilityID": "CVE-2018-20796",
        "PkgName": "libc6",
        "InstalledVersion": "2.24-11+deb9u4",
        "Layer": {
          "DiffID": "sha256:dffd9992ca398466a663c87c92cfea2a2db0ae0cf33fcb99da60eec52addbfc5"
        },
        "SeveritySource": "debian",
        "PrimaryURL": "https://avd.aquasec.com/nvd/cve-2018-20796",
        "Title": "glibc: uncontrolled recursion in function check_dst_limits_calc_pos_1 in posix/regexec.c",
        "Description": "In the GNU C Library (aka glibc or libc6) through 2.29, check_dst_limits_calc_pos_1 in posix/regexec.c has Uncontrolled Recursion, as demonstrated by '(\\227|)(\\\\1\\\\1|t1|\\\\\\2537)+' in grep.",
        "Severity": "LOW",
        "CweIDs": [
          "CWE-674"
        ],
        "CVSS": {
          "nvd": {
            "V2Vector": "AV:N/AC:L/Au:N/C:N/I:N/A:P",
            "V3Vector": "CVSS:3.0/AV:N/AC:L/PR:N/UI:N/S:U/C:N/I:N/A:H",
            "V2Score": 5,
            "V3Score": 7.5
          },
          "redhat": {
            "V3Vector": "CVSS:3.0/AV:N/AC:L/PR:N/UI:N/S:U/C:N/I:N/A:L",
            "V3Score": 5.3
          }
        },
        "References": [
          "http://www.securityfocus.com/bid/107160",
          "https://cve.mitre.org/cgi-bin/cvename.cgi?name=CVE-2018-20796",
          "https://debbugs.gnu.org/cgi/bugreport.cgi?bug=34141",
          "https://lists.gnu.org/archive/html/bug-gnulib/2019-01/msg00108.html",
          "https://security.netapp.com/advisory/ntap-20190315-0002/",
          "https://support.f5.com/csp/article/K26346590?utm_source=f5support\u0026amp;utm_medium=RSS"
        ],
        "PublishedDate": "2019-02-26T02:29:00Z",
        "LastModifiedDate": "2019-11-05T21:15:00Z"
      },
      {
        "VulnerabilityID": "CVE-2019-1010022",
        "PkgName": "libc6",
        "InstalledVersion": "2.24-11+deb9u4",
        "Layer": {
          "DiffID": "sha256:dffd9992ca398466a663c87c92cfea2a2db0ae0cf33fcb99da60eec52addbfc5"
        },
        "SeveritySource": "debian",
        "PrimaryURL": "https://avd.aquasec.com/nvd/cve-2019-1010022",
        "Title": "glibc: stack guard protection bypass",
        "Description": "GNU Libc current is affected by: Mitigation bypass. The impact is: Attacker may bypass stack guard protection. The component is: nptl. The attack vector is: Exploit stack buffer overflow vulnerability and use this bypass vulnerability to bypass stack guard.",
        "Severity": "LOW",
        "CweIDs": [
          "CWE-119"
        ],
        "CVSS": {
          "nvd": {
            "V2Vector": "AV:N/AC:L/Au:N/C:P/I:P/A:P",
            "V3Vector": "CVSS:3.0/AV:N/AC:L/PR:N/UI:N/S:U/C:H/I:H/A:H",
            "V2Score": 7.5,
            "V3Score": 9.8
          },
          "redhat": {
            "V3Vector": "CVSS:3.0/AV:N/AC:H/PR:N/UI:N/S:U/C:H/I:H/A:H",
            "V3Score": 8.1
          }
        },
        "References": [
          "https://sourceware.org/bugzilla/show_bug.cgi?id=22850"
        ],
        "PublishedDate": "2019-07-15T04:15:00Z",
        "LastModifiedDate": "2019-07-18T15:44:00Z"
      },
      {
        "VulnerabilityID": "CVE-2019-1010023",
        "PkgName": "libc6",
        "InstalledVersion": "2.24-11+deb9u4",
        "Layer": {
          "DiffID": "sha256:dffd9992ca398466a663c87c92cfea2a2db0ae0cf33fcb99da60eec52addbfc5"
        },
        "SeveritySource": "debian",
        "PrimaryURL": "https://avd.aquasec.com/nvd/cve-2019-1010023",
        "Title": "glibc: running ldd on malicious ELF leads to code execution because of wrong size computation",
        "Description": "GNU Libc current is affected by: Re-mapping current loaded libray with malicious ELF file. The impact is: In worst case attacker may evaluate privileges. The component is: libld. The attack vector is: Attacker sends 2 ELF files to victim and asks to run ldd on it. ldd execute code.",
        "Severity": "LOW",
        "CweIDs": [
          "CWE-264"
        ],
        "CVSS": {
          "nvd": {
            "V2Vector": "AV:N/AC:M/Au:N/C:P/I:P/A:P",
            "V3Vector": "CVSS:3.0/AV:N/AC:L/PR:N/UI:R/S:U/C:H/I:H/A:H",
            "V2Score": 6.8,
            "V3Score": 8.8
          },
          "redhat": {
            "V3Vector": "CVSS:3.0/AV:L/AC:L/PR:N/UI:R/S:U/C:H/I:H/A:H",
            "V3Score": 7.8
          }
        },
        "References": [
          "http://www.securityfocus.com/bid/109167",
          "https://sourceware.org/bugzilla/show_bug.cgi?id=22851",
          "https://support.f5.com/csp/article/K11932200?utm_source=f5support\u0026amp;utm_medium=RSS"
        ],
        "PublishedDate": "2019-07-15T04:15:00Z",
        "LastModifiedDate": "2019-10-09T20:15:00Z"
      },
      {
        "VulnerabilityID": "CVE-2019-1010024",
        "PkgName": "libc6",
        "InstalledVersion": "2.24-11+deb9u4",
        "Layer": {
          "DiffID": "sha256:dffd9992ca398466a663c87c92cfea2a2db0ae0cf33fcb99da60eec52addbfc5"
        },
        "SeveritySource": "debian",
        "PrimaryURL": "https://avd.aquasec.com/nvd/cve-2019-1010024",
        "Title": "glibc: ASLR bypass using cache of thread stack and heap",
        "Description": "GNU Libc current is affected by: Mitigation bypass. The impact is: Attacker may bypass ASLR using cache of thread stack and heap. The component is: glibc.",
        "Severity": "LOW",
        "CweIDs": [
          "CWE-200"
        ],
        "CVSS": {
          "nvd": {
            "V2Vector": "AV:N/AC:L/Au:N/C:P/I:N/A:N",
            "V3Vector": "CVSS:3.0/AV:N/AC:L/PR:N/UI:N/S:U/C:L/I:N/A:N",
            "V2Score": 5,
            "V3Score": 5.3
          },
          "redhat": {
            "V3Vector": "CVSS:3.0/AV:N/AC:L/PR:N/UI:N/S:U/C:L/I:N/A:N",
            "V3Score": 5.3
          }
        },
        "References": [
          "http://www.securityfocus.com/bid/109162",
          "https://sourceware.org/bugzilla/show_bug.cgi?id=22852",
          "https://support.f5.com/csp/article/K06046097"
        ],
        "PublishedDate": "2019-07-15T04:15:00Z",
        "LastModifiedDate": "2019-09-20T07:15:00Z"
      },
      {
        "VulnerabilityID": "CVE-2019-1010025",
        "PkgName": "libc6",
        "InstalledVersion": "2.24-11+deb9u4",
        "Layer": {
          "DiffID": "sha256:dffd9992ca398466a663c87c92cfea2a2db0ae0cf33fcb99da60eec52addbfc5"
        },
        "SeveritySource": "debian",
        "PrimaryURL": "https://avd.aquasec.com/nvd/cve-2019-1010025",
        "Title": "glibc: information disclosure of heap addresses of pthread_created thread",
        "Description": "** DISPUTED ** GNU Libc current is affected by: Mitigation bypass. The impact is: Attacker may guess the heap addresses of pthread_created thread. The component is: glibc. NOTE: the vendor's position is \"ASLR bypass itself is not a vulnerability.\"",
        "Severity": "LOW",
        "CweIDs": [
          "CWE-200"
        ],
        "CVSS": {
          "nvd": {
            "V2Vector": "AV:N/AC:L/Au:N/C:P/I:N/A:N",
            "V3Vector": "CVSS:3.0/AV:N/AC:L/PR:N/UI:N/S:U/C:L/I:N/A:N",
            "V2Score": 5,
            "V3Score": 5.3
          },
          "redhat": {
            "V3Vector": "CVSS:3.0/AV:L/AC:H/PR:N/UI:N/S:U/C:L/I:N/A:N",
            "V3Score": 2.9
          }
        },
        "References": [
          "https://sourceware.org/bugzilla/show_bug.cgi?id=22853"
        ],
        "PublishedDate": "2019-07-15T04:15:00Z",
        "LastModifiedDate": "2019-08-05T22:15:00Z"
      },
      {
        "VulnerabilityID": "CVE-2019-19126",
        "PkgName": "libc6",
        "InstalledVersion": "2.24-11+deb9u4",
        "Layer": {
          "DiffID": "sha256:dffd9992ca398466a663c87c92cfea2a2db0ae0cf33fcb99da60eec52addbfc5"
        },
        "SeveritySource": "nvd",
        "PrimaryURL": "https://avd.aquasec.com/nvd/cve-2019-19126",
        "Title": "glibc: LD_PREFER_MAP_32BIT_EXEC not ignored in setuid binaries",
        "Description": "On the x86-64 architecture, the GNU C Library (aka glibc) before 2.31 fails to ignore the LD_PREFER_MAP_32BIT_EXEC environment variable during program execution after a security transition, allowing local attackers to restrict the possible mapping addresses for loaded libraries and thus bypass ASLR for a setuid program.",
        "Severity": "LOW",
        "CweIDs": [
          "CWE-200"
        ],
        "CVSS": {
          "nvd": {
            "V2Vector": "AV:L/AC:L/Au:N/C:P/I:N/A:N",
            "V2Score": 2.1
          },
          "redhat": {
            "V3Vector": "CVSS:3.0/AV:L/AC:H/PR:N/UI:N/S:U/C:L/I:N/A:N",
            "V3Score": 2.9
          }
        },
        "References": [
          "https://lists.fedoraproject.org/archives/list/package-announce@lists.fedoraproject.org/message/ZFJ5E7NWOL6ROE5QVICHKIOUGCPFJVUH/",
          "https://sourceware.org/bugzilla/show_bug.cgi?id=25204"
        ],
        "PublishedDate": "2019-11-19T22:15:00Z",
        "LastModifiedDate": "2020-01-21T01:15:00Z"
      },
      {
        "VulnerabilityID": "CVE-2019-6488",
        "PkgName": "libc6",
        "InstalledVersion": "2.24-11+deb9u4",
        "Layer": {
          "DiffID": "sha256:dffd9992ca398466a663c87c92cfea2a2db0ae0cf33fcb99da60eec52addbfc5"
        },
        "SeveritySource": "debian",
        "PrimaryURL": "https://avd.aquasec.com/nvd/cve-2019-6488",
        "Title": "glibc: Incorrect attempt to use a 64-bit register for size_t in assembly codes results in segmentation fault",
        "Description": "The string component in the GNU C Library (aka glibc or libc6) through 2.28, when running on the x32 architecture, incorrectly attempts to use a 64-bit register for size_t in assembly codes, which can lead to a segmentation fault or possibly unspecified other impact, as demonstrated by a crash in __memmove_avx_unaligned_erms in sysdeps/x86_64/multiarch/memmove-vec-unaligned-erms.S during a memcpy.",
        "Severity": "LOW",
        "CweIDs": [
          "CWE-404"
        ],
        "CVSS": {
          "nvd": {
            "V2Vector": "AV:L/AC:L/Au:N/C:P/I:P/A:P",
            "V3Vector": "CVSS:3.0/AV:L/AC:L/PR:L/UI:N/S:U/C:H/I:H/A:H",
            "V2Score": 4.6,
            "V3Score": 7.8
          },
          "redhat": {
            "V3Vector": "CVSS:3.0/AV:L/AC:L/PR:N/UI:R/S:U/C:N/I:N/A:H",
            "V3Score": 5.5
          }
        },
        "References": [
          "http://www.securityfocus.com/bid/106671",
          "https://cve.mitre.org/cgi-bin/cvename.cgi?name=CVE-2019-6488",
          "https://sourceware.org/bugzilla/show_bug.cgi?id=24097"
        ],
        "PublishedDate": "2019-01-18T19:29:00Z",
        "LastModifiedDate": "2019-02-05T17:30:00Z"
      },
      {
        "VulnerabilityID": "CVE-2019-7309",
        "PkgName": "libc6",
        "InstalledVersion": "2.24-11+deb9u4",
        "Layer": {
          "DiffID": "sha256:dffd9992ca398466a663c87c92cfea2a2db0ae0cf33fcb99da60eec52addbfc5"
        },
        "SeveritySource": "debian",
        "PrimaryURL": "https://avd.aquasec.com/nvd/cve-2019-7309",
        "Title": "glibc: memcmp function incorrectly returns zero",
        "Description": "In the GNU C Library (aka glibc or libc6) through 2.29, the memcmp function for the x32 architecture can incorrectly return zero (indicating that the inputs are equal) because the RDX most significant bit is mishandled.",
        "Severity": "LOW",
        "CweIDs": [
          "CWE-119"
        ],
        "CVSS": {
          "nvd": {
            "V2Vector": "AV:L/AC:L/Au:N/C:N/I:N/A:P",
            "V3Vector": "CVSS:3.0/AV:L/AC:L/PR:L/UI:N/S:U/C:N/I:N/A:H",
            "V2Score": 2.1,
            "V3Score": 5.5
          },
          "redhat": {
            "V3Vector": "CVSS:3.0/AV:L/AC:L/PR:L/UI:N/S:U/C:N/I:N/A:L",
            "V3Score": 3.3
          }
        },
        "References": [
          "http://www.securityfocus.com/bid/106835",
          "https://cve.mitre.org/cgi-bin/cvename.cgi?name=CVE-2019-7309",
          "https://sourceware.org/bugzilla/show_bug.cgi?id=24155",
          "https://sourceware.org/ml/libc-alpha/2019-02/msg00041.html",
          "https://sourceware.org/ml/libc-alpha/2019-02/msg00063.html"
        ],
        "PublishedDate": "2019-02-03T02:29:00Z",
        "LastModifiedDate": "2019-02-27T18:07:00Z"
      },
      {
        "VulnerabilityID": "CVE-2019-9192",
        "PkgName": "libc6",
        "InstalledVersion": "2.24-11+deb9u4",
        "Layer": {
          "DiffID": "sha256:dffd9992ca398466a663c87c92cfea2a2db0ae0cf33fcb99da60eec52addbfc5"
        },
        "SeveritySource": "debian",
        "PrimaryURL": "https://avd.aquasec.com/nvd/cve-2019-9192",
        "Title": "glibc: uncontrolled recursion in function check_dst_limits_calc_pos_1 in posix/regexec.c",
        "Description": "** DISPUTED ** In the GNU C Library (aka glibc or libc6) through 2.29, check_dst_limits_calc_pos_1 in posix/regexec.c has Uncontrolled Recursion, as demonstrated by '(|)(\\\\1\\\\1)*' in grep, a different issue than CVE-2018-20796. NOTE: the software maintainer disputes that this is a vulnerability because the behavior occurs only with a crafted pattern.",
        "Severity": "LOW",
        "CweIDs": [
          "CWE-399"
        ],
        "CVSS": {
          "nvd": {
            "V2Vector": "AV:N/AC:L/Au:N/C:N/I:N/A:P",
            "V3Vector": "CVSS:3.0/AV:N/AC:L/PR:N/UI:N/S:U/C:N/I:N/A:H",
            "V2Score": 5,
            "V3Score": 7.5
          },
          "redhat": {
            "V3Vector": "CVSS:3.0/AV:L/AC:L/PR:L/UI:R/S:U/C:N/I:N/A:L",
            "V3Score": 2.8
          }
        },
        "References": [
          "https://cve.mitre.org/cgi-bin/cvename.cgi?name=CVE-2019-9192",
          "https://sourceware.org/bugzilla/show_bug.cgi?id=24269",
          "https://support.f5.com/csp/article/K26346590?utm_source=f5support\u0026amp;utm_medium=RSS"
        ],
        "PublishedDate": "2019-02-26T18:29:00Z",
        "LastModifiedDate": "2019-11-05T21:15:00Z"
      },
      {
        "VulnerabilityID": "CVE-2019-1563",
        "PkgName": "libssl1.1",
        "InstalledVersion": "1.1.0k-1~deb9u1",
        "FixedVersion": "1.1.0l-1~deb9u1",
        "Layer": {
          "DiffID": "sha256:dffd9992ca398466a663c87c92cfea2a2db0ae0cf33fcb99da60eec52addbfc5"
        },
        "SeveritySource": "nvd",
        "PrimaryURL": "https://avd.aquasec.com/nvd/cve-2019-1563",
        "Title": "openssl: information disclosure in PKCS7_dataDecode and CMS_decrypt_set1_pkey",
        "Description": "In situations where an attacker receives automated notification of the success or failure of a decryption attempt an attacker, after sending a very large number of messages to be decrypted, can recover a CMS/PKCS7 transported encryption key or decrypt any RSA encrypted message that was encrypted with the public RSA key, using a Bleichenbacher padding oracle attack. Applications are not affected if they use a certificate together with the private RSA key to the CMS_decrypt or PKCS7_decrypt functions to select the correct recipient info to decrypt. Fixed in OpenSSL 1.1.1d (Affected 1.1.1-1.1.1c). Fixed in OpenSSL 1.1.0l (Affected 1.1.0-1.1.0k). Fixed in OpenSSL 1.0.2t (Affected 1.0.2-1.0.2s).",
        "Severity": "MEDIUM",
        "CweIDs": [
          "CWE-311"
        ],
        "CVSS": {
          "nvd": {
            "V2Vector": "AV:N/AC:M/Au:N/C:P/I:N/A:N",
            "V2Score": 4.3
          },
          "redhat": {
            "V3Vector": "CVSS:3.0/AV:N/AC:H/PR:N/UI:N/S:U/C:L/I:N/A:N",
            "V3Score": 3.7
          }
        },
        "References": [
          "http://packetstormsecurity.com/files/154467/Slackware-Security-Advisory-openssl-Updates.html",
          "https://cve.mitre.org/cgi-bin/cvename.cgi?name=CVE-2019-1563",
          "https://git.openssl.org/gitweb/?p=openssl.git;a=commitdiff;h=08229ad838c50f644d7e928e2eef147b4308ad64",
          "https://git.openssl.org/gitweb/?p=openssl.git;a=commitdiff;h=631f94db0065c78181ca9ba5546ebc8bb3884b97",
          "https://git.openssl.org/gitweb/?p=openssl.git;a=commitdiff;h=e21f8cf78a125cd3c8c0d1a1a6c8bb0b901f893f",
          "https://seclists.org/bugtraq/2019/Sep/25",
          "https://security.netapp.com/advisory/ntap-20190919-0002/",
          "https://www.openssl.org/news/secadv/20190910.txt"
        ],
        "PublishedDate": "2019-09-10T17:15:00Z",
        "LastModifiedDate": "2019-09-12T11:15:00Z"
      },
      {
        "VulnerabilityID": "CVE-2007-6755",
        "PkgName": "libssl1.1",
        "InstalledVersion": "1.1.0k-1~deb9u1",
        "Layer": {
          "DiffID": "sha256:dffd9992ca398466a663c87c92cfea2a2db0ae0cf33fcb99da60eec52addbfc5"
        },
        "SeveritySource": "debian",
        "PrimaryURL": "https://avd.aquasec.com/nvd/cve-2007-6755",
        "Title": "Dual_EC_DRBG: weak pseudo random number generator",
        "Description": "The NIST SP 800-90A default statement of the Dual Elliptic Curve Deterministic Random Bit Generation (Dual_EC_DRBG) algorithm contains point Q constants with a possible relationship to certain \"skeleton key\" values, which might allow context-dependent attackers to defeat cryptographic protection mechanisms by leveraging knowledge of those values.  NOTE: this is a preliminary CVE for Dual_EC_DRBG; future research may provide additional details about point Q and associated attacks, and could potentially lead to a RECAST or REJECT of this CVE.",
        "Severity": "LOW",
        "CweIDs": [
          "CWE-310"
        ],
        "CVSS": {
          "nvd": {
            "V2Vector": "AV:N/AC:M/Au:N/C:P/I:P/A:N",
            "V2Score": 5.8
          },
          "redhat": {
            "V2Vector": "AV:N/AC:M/Au:N/C:P/I:P/A:N",
            "V2Score": 5.8
          }
        },
        "References": [
          "http://arstechnica.com/security/2013/09/stop-using-nsa-influence-code-in-our-product-rsa-tells-customers/",
          "http://blog.cryptographyengineering.com/2013/09/rsa-warns-developers-against-its-own.html",
          "http://blog.cryptographyengineering.com/2013/09/the-many-flaws-of-dualecdrbg.html",
          "http://rump2007.cr.yp.to/15-shumow.pdf",
          "http://stream.wsj.com/story/latest-headlines/SS-2-63399/SS-2-332655/",
          "http://threatpost.com/in-wake-of-latest-crypto-revelations-everything-is-suspect",
          "http://www.securityfocus.com/bid/63657",
          "https://www.schneier.com/blog/archives/2007/11/the_strange_sto.html"
        ],
        "PublishedDate": "2013-10-11T22:55:00Z",
        "LastModifiedDate": "2016-11-28T19:07:00Z"
      },
      {
        "VulnerabilityID": "CVE-2010-0928",
        "PkgName": "libssl1.1",
        "InstalledVersion": "1.1.0k-1~deb9u1",
        "Layer": {
          "DiffID": "sha256:dffd9992ca398466a663c87c92cfea2a2db0ae0cf33fcb99da60eec52addbfc5"
        },
        "SeveritySource": "debian",
        "PrimaryURL": "https://avd.aquasec.com/nvd/cve-2010-0928",
        "Title": "openssl: RSA authentication weakness",
        "Description": "OpenSSL 0.9.8i on the Gaisler Research LEON3 SoC on the Xilinx Virtex-II Pro FPGA uses a Fixed Width Exponentiation (FWE) algorithm for certain signature calculations, and does not verify the signature before providing it to a caller, which makes it easier for physically proximate attackers to determine the private key via a modified supply voltage for the microprocessor, related to a \"fault-based attack.\"",
        "Severity": "LOW",
        "CweIDs": [
          "CWE-310"
        ],
        "CVSS": {
          "nvd": {
            "V2Vector": "AV:L/AC:H/Au:N/C:C/I:N/A:N",
            "V2Score": 4
          }
        },
        "References": [
          "http://rdist.root.org/2010/03/08/attacking-rsa-exponentiation-with-fault-injection/",
          "http://www.eecs.umich.edu/%7Evaleria/research/publications/DATE10RSA.pdf",
          "http://www.networkworld.com/news/2010/030410-rsa-security-attack.html",
          "http://www.osvdb.org/62808",
          "http://www.theregister.co.uk/2010/03/04/severe_openssl_vulnerability/",
          "https://exchange.xforce.ibmcloud.com/vulnerabilities/56750"
        ],
        "PublishedDate": "2010-03-05T19:30:00Z",
        "LastModifiedDate": "2017-08-17T01:32:00Z"
      },
      {
        "VulnerabilityID": "CVE-2019-1551",
        "PkgName": "libssl1.1",
        "InstalledVersion": "1.1.0k-1~deb9u1",
        "Layer": {
          "DiffID": "sha256:dffd9992ca398466a663c87c92cfea2a2db0ae0cf33fcb99da60eec52addbfc5"
        },
        "SeveritySource": "debian",
        "PrimaryURL": "https://avd.aquasec.com/nvd/cve-2019-1551",
        "Title": "openssl: Integer overflow in RSAZ modular exponentiation on x86_64",
        "Description": "There is an overflow bug in the x64_64 Montgomery squaring procedure used in exponentiation with 512-bit moduli. No EC algorithms are affected. Analysis suggests that attacks against 2-prime RSA1024, 3-prime RSA1536, and DSA1024 as a result of this defect would be very difficult to perform and are not believed likely. Attacks against DH512 are considered just feasible. However, for an attack the target would have to re-use the DH512 private key, which is not recommended anyway. Also applications directly using the low level API BN_mod_exp may be affected if they use BN_FLG_CONSTTIME. Fixed in OpenSSL 1.1.1e-dev (Affected 1.1.1-1.1.1d). Fixed in OpenSSL 1.0.2u-dev (Affected 1.0.2-1.0.2t).",
        "Severity": "LOW",
        "CweIDs": [
          "CWE-200"
        ],
        "CVSS": {
          "nvd": {
            "V2Vector": "AV:N/AC:L/Au:N/C:P/I:N/A:N",
            "V2Score": 5
          },
          "redhat": {
            "V3Vector": "CVSS:3.0/AV:N/AC:H/PR:N/UI:N/S:U/C:L/I:L/A:N",
            "V3Score": 4.8
          }
        },
        "References": [
          "http://packetstormsecurity.com/files/155754/Slackware-Security-Advisory-openssl-Updates.html",
          "https://cve.mitre.org/cgi-bin/cvename.cgi?name=CVE-2019-1551",
          "https://git.openssl.org/gitweb/?p=openssl.git;a=commitdiff;h=419102400a2811582a7a3d4a4e317d72e5ce0a8f",
          "https://git.openssl.org/gitweb/?p=openssl.git;a=commitdiff;h=f1c5eea8a817075d31e43f5876993c6710238c98",
          "https://github.com/openssl/openssl/pull/10575",
          "https://seclists.org/bugtraq/2019/Dec/39",
          "https://seclists.org/bugtraq/2019/Dec/46",
          "https://security.netapp.com/advisory/ntap-20191210-0001/",
          "https://www.debian.org/security/2019/dsa-4594",
          "https://www.openssl.org/news/secadv/20191206.txt",
          "https://www.tenable.com/security/tns-2019-09"
        ],
        "PublishedDate": "2019-12-06T18:15:00Z",
        "LastModifiedDate": "2019-12-25T11:15:00Z"
      },
      {
        "VulnerabilityID": "CVE-2019-1563",
        "PkgName": "openssl",
        "InstalledVersion": "1.1.0k-1~deb9u1",
        "FixedVersion": "1.1.0l-1~deb9u1",
        "Layer": {
          "DiffID": "sha256:dffd9992ca398466a663c87c92cfea2a2db0ae0cf33fcb99da60eec52addbfc5"
        },
        "SeveritySource": "nvd",
        "PrimaryURL": "https://avd.aquasec.com/nvd/cve-2019-1563",
        "Title": "openssl: information disclosure in PKCS7_dataDecode and CMS_decrypt_set1_pkey",
        "Description": "In situations where an attacker receives automated notification of the success or failure of a decryption attempt an attacker, after sending a very large number of messages to be decrypted, can recover a CMS/PKCS7 transported encryption key or decrypt any RSA encrypted message that was encrypted with the public RSA key, using a Bleichenbacher padding oracle attack. Applications are not affected if they use a certificate together with the private RSA key to the CMS_decrypt or PKCS7_decrypt functions to select the correct recipient info to decrypt. Fixed in OpenSSL 1.1.1d (Affected 1.1.1-1.1.1c). Fixed in OpenSSL 1.1.0l (Affected 1.1.0-1.1.0k). Fixed in OpenSSL 1.0.2t (Affected 1.0.2-1.0.2s).",
        "Severity": "MEDIUM",
        "CweIDs": [
          "CWE-311"
        ],
        "CVSS": {
          "nvd": {
            "V2Vector": "AV:N/AC:M/Au:N/C:P/I:N/A:N",
            "V2Score": 4.3
          },
          "redhat": {
            "V3Vector": "CVSS:3.0/AV:N/AC:H/PR:N/UI:N/S:U/C:L/I:N/A:N",
            "V3Score": 3.7
          }
        },
        "References": [
          "http://packetstormsecurity.com/files/154467/Slackware-Security-Advisory-openssl-Updates.html",
          "https://cve.mitre.org/cgi-bin/cvename.cgi?name=CVE-2019-1563",
          "https://git.openssl.org/gitweb/?p=openssl.git;a=commitdiff;h=08229ad838c50f644d7e928e2eef147b4308ad64",
          "https://git.openssl.org/gitweb/?p=openssl.git;a=commitdiff;h=631f94db0065c78181ca9ba5546ebc8bb3884b97",
          "https://git.openssl.org/gitweb/?p=openssl.git;a=commitdiff;h=e21f8cf78a125cd3c8c0d1a1a6c8bb0b901f893f",
          "https://seclists.org/bugtraq/2019/Sep/25",
          "https://security.netapp.com/advisory/ntap-20190919-0002/",
          "https://www.openssl.org/news/secadv/20190910.txt"
        ],
        "PublishedDate": "2019-09-10T17:15:00Z",
        "LastModifiedDate": "2019-09-12T11:15:00Z"
      },
      {
        "VulnerabilityID": "CVE-2007-6755",
        "PkgName": "openssl",
        "InstalledVersion": "1.1.0k-1~deb9u1",
        "Layer": {
          "DiffID": "sha256:dffd9992ca398466a663c87c92cfea2a2db0ae0cf33fcb99da60eec52addbfc5"
        },
        "SeveritySource": "debian",
        "PrimaryURL": "https://avd.aquasec.com/nvd/cve-2007-6755",
        "Title": "Dual_EC_DRBG: weak pseudo random number generator",
        "Description": "The NIST SP 800-90A default statement of the Dual Elliptic Curve Deterministic Random Bit Generation (Dual_EC_DRBG) algorithm contains point Q constants with a possible relationship to certain \"skeleton key\" values, which might allow context-dependent attackers to defeat cryptographic protection mechanisms by leveraging knowledge of those values.  NOTE: this is a preliminary CVE for Dual_EC_DRBG; future research may provide additional details about point Q and associated attacks, and could potentially lead to a RECAST or REJECT of this CVE.",
        "Severity": "LOW",
        "CweIDs": [
          "CWE-310"
        ],
        "CVSS": {
          "nvd": {
            "V2Vector": "AV:N/AC:M/Au:N/C:P/I:P/A:N",
            "V2Score": 5.8
          },
          "redhat": {
            "V2Vector": "AV:N/AC:M/Au:N/C:P/I:P/A:N",
            "V2Score": 5.8
          }
        },
        "References": [
          "http://arstechnica.com/security/2013/09/stop-using-nsa-influence-code-in-our-product-rsa-tells-customers/",
          "http://blog.cryptographyengineering.com/2013/09/rsa-warns-developers-against-its-own.html",
          "http://blog.cryptographyengineering.com/2013/09/the-many-flaws-of-dualecdrbg.html",
          "http://rump2007.cr.yp.to/15-shumow.pdf",
          "http://stream.wsj.com/story/latest-headlines/SS-2-63399/SS-2-332655/",
          "http://threatpost.com/in-wake-of-latest-crypto-revelations-everything-is-suspect",
          "http://www.securityfocus.com/bid/63657",
          "https://www.schneier.com/blog/archives/2007/11/the_strange_sto.html"
        ],
        "PublishedDate": "2013-10-11T22:55:00Z",
        "LastModifiedDate": "2016-11-28T19:07:00Z"
      },
      {
        "VulnerabilityID": "CVE-2010-0928",
        "PkgName": "openssl",
        "InstalledVersion": "1.1.0k-1~deb9u1",
        "Layer": {
          "DiffID": "sha256:dffd9992ca398466a663c87c92cfea2a2db0ae0cf33fcb99da60eec52addbfc5"
        },
        "SeveritySource": "debian",
        "PrimaryURL": "https://avd.aquasec.com/nvd/cve-2010-0928",
        "Title": "openssl: RSA authentication weakness",
        "Description": "OpenSSL 0.9.8i on the Gaisler Research LEON3 SoC on the Xilinx Virtex-II Pro FPGA uses a Fixed Width Exponentiation (FWE) algorithm for certain signature calculations, and does not verify the signature before providing it to a caller, which makes it easier for physically proximate attackers to determine the private key via a modified supply voltage for the microprocessor, related to a \"fault-based attack.\"",
        "Severity": "LOW",
        "CweIDs": [
          "CWE-310"
        ],
        "CVSS": {
          "nvd": {
            "V2Vector": "AV:L/AC:H/Au:N/C:C/I:N/A:N",
            "V2Score": 4
          }
        },
        "References": [
          "http://rdist.root.org/2010/03/08/attacking-rsa-exponentiation-with-fault-injection/",
          "http://www.eecs.umich.edu/%7Evaleria/research/publications/DATE10RSA.pdf",
          "http://www.networkworld.com/news/2010/030410-rsa-security-attack.html",
          "http://www.osvdb.org/62808",
          "http://www.theregister.co.uk/2010/03/04/severe_openssl_vulnerability/",
          "https://exchange.xforce.ibmcloud.com/vulnerabilities/56750"
        ],
        "PublishedDate": "2010-03-05T19:30:00Z",
        "LastModifiedDate": "2017-08-17T01:32:00Z"
      },
      {
        "VulnerabilityID": "CVE-2019-1551",
        "PkgName": "openssl",
        "InstalledVersion": "1.1.0k-1~deb9u1",
        "Layer": {
          "DiffID": "sha256:dffd9992ca398466a663c87c92cfea2a2db0ae0cf33fcb99da60eec52addbfc5"
        },
        "SeveritySource": "debian",
        "PrimaryURL": "https://avd.aquasec.com/nvd/cve-2019-1551",
        "Title": "openssl: Integer overflow in RSAZ modular exponentiation on x86_64",
        "Description": "There is an overflow bug in the x64_64 Montgomery squaring procedure used in exponentiation with 512-bit moduli. No EC algorithms are affected. Analysis suggests that attacks against 2-prime RSA1024, 3-prime RSA1536, and DSA1024 as a result of this defect would be very difficult to perform and are not believed likely. Attacks against DH512 are considered just feasible. However, for an attack the target would have to re-use the DH512 private key, which is not recommended anyway. Also applications directly using the low level API BN_mod_exp may be affected if they use BN_FLG_CONSTTIME. Fixed in OpenSSL 1.1.1e-dev (Affected 1.1.1-1.1.1d). Fixed in OpenSSL 1.0.2u-dev (Affected 1.0.2-1.0.2t).",
        "Severity": "LOW",
        "CweIDs": [
          "CWE-200"
        ],
        "CVSS": {
          "nvd": {
            "V2Vector": "AV:N/AC:L/Au:N/C:P/I:N/A:N",
            "V2Score": 5
          },
          "redhat": {
            "V3Vector": "CVSS:3.0/AV:N/AC:H/PR:N/UI:N/S:U/C:L/I:L/A:N",
            "V3Score": 4.8
          }
        },
        "References": [
          "http://packetstormsecurity.com/files/155754/Slackware-Security-Advisory-openssl-Updates.html",
          "https://cve.mitre.org/cgi-bin/cvename.cgi?name=CVE-2019-1551",
          "https://git.openssl.org/gitweb/?p=openssl.git;a=commitdiff;h=419102400a2811582a7a3d4a4e317d72e5ce0a8f",
          "https://git.openssl.org/gitweb/?p=openssl.git;a=commitdiff;h=f1c5eea8a817075d31e43f5876993c6710238c98",
          "https://github.com/openssl/openssl/pull/10575",
          "https://seclists.org/bugtraq/2019/Dec/39",
          "https://seclists.org/bugtraq/2019/Dec/46",
          "https://security.netapp.com/advisory/ntap-20191210-0001/",
          "https://www.debian.org/security/2019/dsa-4594",
          "https://www.openssl.org/news/secadv/20191206.txt",
          "https://www.tenable.com/security/tns-2019-09"
        ],
        "PublishedDate": "2019-12-06T18:15:00Z",
        "LastModifiedDate": "2019-12-25T11:15:00Z"
      }
    ]
  }
]